Command line invocation:
    /Applications/Xcode.app/Contents/Developer/usr/bin/xcodebuild -project JJPlayer.xcodeproj -scheme JJPlayer -destination "platform=iOS Simulator,id=09B3B205-0ABB-4EA4-80B3-ED143632DC14" ONLY_ACTIVE_ARCH=YES build

Build settings from command line:
    ONLY_ACTIVE_ARCH = YES

Resolve Package Graph


Resolved source packages:
  FFmpegKit: /Users/jiao/Desktop/Project/ffmpeg-kit-spm @ local
  JJPlayerKit: /Users/jiao/Desktop/Project/JJPlayer/JJPlayerKit

2026-05-21 11:32:25.409 xcodebuild[89636:5664373] [MT] IDERunDestination: Supported platforms for the buildables in the current scheme is empty.
ComputePackagePrebuildTargetDependencyGraph

Prepare packages

CreateBuildRequest

SendProjectDescription

CreateBuildOperation

ComputeTargetDependencyGraph
note: Building targets in dependency order
note: Target dependency graph (5 targets)
    Target 'JJPlayer' in project 'JJPlayer'
        ➜ Explicit dependency on target 'JJPlayerKit' in project 'JJPlayerKit'
    Target 'JJPlayerKit' in project 'JJPlayerKit'
        ➜ Explicit dependency on target 'JJPlayerKit' in project 'JJPlayerKit'
        ➜ Explicit dependency on target 'JJFFmpegCore' in project 'JJPlayerKit'
        ➜ Explicit dependency on target 'FFmpegKit' in project 'FFmpegKit'
    Target 'JJPlayerKit' in project 'JJPlayerKit'
        ➜ Explicit dependency on target 'JJFFmpegCore' in project 'JJPlayerKit'
        ➜ Explicit dependency on target 'FFmpegKit' in project 'FFmpegKit'
    Target 'JJFFmpegCore' in project 'JJPlayerKit'
        ➜ Explicit dependency on target 'FFmpegKit' in project 'FFmpegKit'
    Target 'FFmpegKit' in project 'FFmpegKit' (no dependencies)

GatherProvisioningInputs

CreateBuildDescription

ExecuteExternalTool /Applications/Xcode.app/Contents/Developer/Toolchains/XcodeDefault.xctoolchain/usr/bin/clang -v -E -dM -arch arm64 -isysroot /Applications/Xcode.app/Contents/Developer/Platforms/iPhoneSimulator.platform/Developer/SDKs/iPhoneSimulator26.5.sdk -x objective-c -c /dev/null

ExecuteExternalTool /Applications/Xcode.app/Contents/Developer/Toolchains/XcodeDefault.xctoolchain/usr/bin/clang -v -E -dM -isysroot /Applications/Xcode.app/Contents/Developer/Platforms/iPhoneSimulator.platform/Developer/SDKs/iPhoneSimulator26.5.sdk -x c -c /dev/null

ExecuteExternalTool /Applications/Xcode.app/Contents/Developer/Toolchains/XcodeDefault.xctoolchain/usr/bin/swiftc --version

ExecuteExternalTool /Applications/Xcode.app/Contents/Developer/usr/bin/actool --print-asset-tag-combinations --output-format xml1 /Users/jiao/Desktop/Project/JJPlayer/JJPlayer/Assets.xcassets

ExecuteExternalTool /Applications/Xcode.app/Contents/Developer/usr/bin/actool --version --output-format xml1

ExecuteExternalTool /Applications/Xcode.app/Contents/Developer/Toolchains/XcodeDefault.xctoolchain/usr/bin/clang -v -E -dM -arch arm64 -isysroot /Applications/Xcode.app/Contents/Developer/Platforms/iPhoneSimulator.platform/Developer/SDKs/iPhoneSimulator26.5.sdk -x c -c /dev/null

ExecuteExternalTool /Applications/Xcode.app/Contents/Developer/Toolchains/XcodeDefault.xctoolchain/usr/bin/ld -version_details

Build description signature: 2657fd3a24db84d319416cd0f031797c
Build description path: /Users/jiao/Library/Developer/Xcode/DerivedData/JJPlayer-bdaloyzxyncocyezvrmscshxyhrt/Build/Intermediates.noindex/XCBuildData/2657fd3a24db84d319416cd0f031797c.xcbuilddata
ClangStatCache /Applications/Xcode.app/Contents/Developer/Toolchains/XcodeDefault.xctoolchain/usr/bin/clang-stat-cache /Applications/Xcode.app/Contents/Developer/Platforms/iPhoneSimulator.platform/Developer/SDKs/iPhoneSimulator26.5.sdk /Users/jiao/Library/Developer/Xcode/DerivedData/SDKStatCaches.noindex/iphonesimulator26.5-23F73-6cfe768891a92b912361537c460fe42b.sdkstatcache
    cd /Users/jiao/Desktop/Project/JJPlayer/JJPlayer.xcodeproj
    /Applications/Xcode.app/Contents/Developer/Toolchains/XcodeDefault.xctoolchain/usr/bin/clang-stat-cache /Applications/Xcode.app/Contents/Developer/Platforms/iPhoneSimulator.platform/Developer/SDKs/iPhoneSimulator26.5.sdk -o /Users/jiao/Library/Developer/Xcode/DerivedData/SDKStatCaches.noindex/iphonesimulator26.5-23F73-6cfe768891a92b912361537c460fe42b.sdkstatcache

SwiftDriver JJPlayerKit normal arm64 com.apple.xcode.tools.swift.compiler (in target 'JJPlayerKit' from project 'JJPlayerKit')
    cd /Users/jiao/Desktop/Project/JJPlayer/JJPlayer.xcodeproj
    builtin-SwiftDriver -- /Applications/Xcode.app/Contents/Developer/Toolchains/XcodeDefault.xctoolchain/usr/bin/swiftc -module-name JJPlayerKit -Onone @/Users/jiao/Library/Developer/Xcode/DerivedData/JJPlayer-bdaloyzxyncocyezvrmscshxyhrt/Build/Intermediates.noindex/JJPlayerKit.build/Debug-iphonesimulator/JJPlayerKit.build/Objects-normal/arm64/JJPlayerKit.SwiftFileList -DSWIFT_PACKAGE -DDEBUG -DSWIFT_MODULE_RESOURCE_BUNDLE_UNAVAILABLE -Xcc -fmodule-map-file\=/Users/jiao/Library/Developer/Xcode/DerivedData/JJPlayer-bdaloyzxyncocyezvrmscshxyhrt/Build/Intermediates.noindex/GeneratedModuleMaps-iphonesimulator/JJFFmpegCore.modulemap -DXcode -plugin-path /Applications/Xcode.app/Contents/Developer/Toolchains/XcodeDefault.xctoolchain/usr/lib/swift/host/plugins/testing -enable-experimental-feature DebugDescriptionMacro -sdk /Applications/Xcode.app/Contents/Developer/Platforms/iPhoneSimulator.platform/Developer/SDKs/iPhoneSimulator26.5.sdk -target arm64-apple-ios15.0-simulator -g -module-cache-path /Users/jiao/Library/Developer/Xcode/DerivedData/ModuleCache.noindex -Xfrontend -serialize-debugging-options -profile-coverage-mapping -profile-generate -enable-testing -index-store-path /Users/jiao/Library/Developer/Xcode/DerivedData/JJPlayer-bdaloyzxyncocyezvrmscshxyhrt/Index.noindex/DataStore -Xcc -D_LIBCPP_HARDENING_MODE\=_LIBCPP_HARDENING_MODE_DEBUG -swift-version 5 -I /Users/jiao/Library/Developer/Xcode/DerivedData/JJPlayer-bdaloyzxyncocyezvrmscshxyhrt/Build/Products/Debug-iphonesimulator -Isystem /Applications/Xcode.app/Contents/Developer/Platforms/iPhoneSimulator.platform/Developer/usr/lib -F /Users/jiao/Library/Developer/Xcode/DerivedData/JJPlayer-bdaloyzxyncocyezvrmscshxyhrt/Build/Products/Debug-iphonesimulator/PackageFrameworks -F /Users/jiao/Library/Developer/Xcode/DerivedData/JJPlayer-bdaloyzxyncocyezvrmscshxyhrt/Build/Products/Debug-iphonesimulator -F /Applications/Xcode.app/Contents/Developer/Platforms/iPhoneSimulator.platform/Developer/Library/Frameworks -F /Applications/Xcode.app/Contents/Developer/Platforms/iPhoneSimulator.platform/Developer/SDKs/iPhoneSimulator26.5.sdk/Developer/Library/Frameworks -c -j14 -enable-batch-mode -incremental -Xcc -ivfsstatcache -Xcc /Users/jiao/Library/Developer/Xcode/DerivedData/SDKStatCaches.noindex/iphonesimulator26.5-23F73-6cfe768891a92b912361537c460fe42b.sdkstatcache -output-file-map /Users/jiao/Library/Developer/Xcode/DerivedData/JJPlayer-bdaloyzxyncocyezvrmscshxyhrt/Build/Intermediates.noindex/JJPlayerKit.build/Debug-iphonesimulator/JJPlayerKit.build/Objects-normal/arm64/JJPlayerKit-OutputFileMap.json -use-frontend-parseable-output -save-temps -no-color-diagnostics -explicit-module-build -module-cache-path /Users/jiao/Library/Developer/Xcode/DerivedData/JJPlayer-bdaloyzxyncocyezvrmscshxyhrt/Build/Intermediates.noindex/SwiftExplicitPrecompiledModules -clang-scanner-module-cache-path /Users/jiao/Library/Developer/Xcode/DerivedData/ModuleCache.noindex -sdk-module-cache-path /Users/jiao/Library/Developer/Xcode/DerivedData/ModuleCache.noindex -serialize-diagnostics -emit-dependencies -emit-module -emit-module-path /Users/jiao/Library/Developer/Xcode/DerivedData/JJPlayer-bdaloyzxyncocyezvrmscshxyhrt/Build/Intermediates.noindex/JJPlayerKit.build/Debug-iphonesimulator/JJPlayerKit.build/Objects-normal/arm64/JJPlayerKit.swiftmodule -validate-clang-modules-once -clang-build-session-file /Users/jiao/Library/Developer/Xcode/DerivedData/ModuleCache.noindex/Session.modulevalidation -package-name jjplayerkit -Xcc -I/Users/jiao/Library/Developer/Xcode/DerivedData/JJPlayer-bdaloyzxyncocyezvrmscshxyhrt/Build/Intermediates.noindex/JJPlayerKit.build/Debug-iphonesimulator/JJPlayerKit.build/swift-overrides.hmap -emit-const-values -Xfrontend -const-gather-protocols-file -Xfrontend /Users/jiao/Library/Developer/Xcode/DerivedData/JJPlayer-bdaloyzxyncocyezvrmscshxyhrt/Build/Intermediates.noindex/JJPlayerKit.build/Debug-iphonesimulator/JJPlayerKit.build/Objects-normal/arm64/JJPlayerKit_const_extract_protocols.json -Xcc -I/Users/jiao/Desktop/Project/JJPlayer/JJPlayerKit/Sources/JJFFmpegCore/include -Xcc -I/Users/jiao/Library/Developer/Xcode/DerivedData/JJPlayer-bdaloyzxyncocyezvrmscshxyhrt/Build/Products/Debug-iphonesimulator/include -Xcc -I/Users/jiao/Library/Developer/Xcode/DerivedData/JJPlayer-bdaloyzxyncocyezvrmscshxyhrt/Build/Intermediates.noindex/JJPlayerKit.build/Debug-iphonesimulator/JJPlayerKit.build/DerivedSources-normal/arm64 -Xcc -I/Users/jiao/Library/Developer/Xcode/DerivedData/JJPlayer-bdaloyzxyncocyezvrmscshxyhrt/Build/Intermediates.noindex/JJPlayerKit.build/Debug-iphonesimulator/JJPlayerKit.build/DerivedSources/arm64 -Xcc -I/Users/jiao/Library/Developer/Xcode/DerivedData/JJPlayer-bdaloyzxyncocyezvrmscshxyhrt/Build/Intermediates.noindex/JJPlayerKit.build/Debug-iphonesimulator/JJPlayerKit.build/DerivedSources -Xcc -DSWIFT_PACKAGE -Xcc -DDEBUG\=1 -emit-objc-header -emit-objc-header-path /Users/jiao/Library/Developer/Xcode/DerivedData/JJPlayer-bdaloyzxyncocyezvrmscshxyhrt/Build/Intermediates.noindex/JJPlayerKit.build/Debug-iphonesimulator/JJPlayerKit.build/Objects-normal/arm64/JJPlayerKit-Swift.h -working-directory /Users/jiao/Desktop/Project/JJPlayer/JJPlayer.xcodeproj -experimental-emit-module-separately -disable-cmo

SwiftCompile normal arm64 Compiling\ JJSwiftUIPlayerView.swift /Users/jiao/Desktop/Project/JJPlayer/JJPlayerKit/Sources/JJPlayerKit/Views/JJSwiftUIPlayerView.swift (in target 'JJPlayerKit' from project 'JJPlayerKit')

SwiftCompile normal arm64 /Users/jiao/Desktop/Project/JJPlayer/JJPlayerKit/Sources/JJPlayerKit/Views/JJSwiftUIPlayerView.swift (in target 'JJPlayerKit' from project 'JJPlayerKit')
    cd /Users/jiao/Desktop/Project/JJPlayer/JJPlayer.xcodeproj
    

SwiftEmitModule normal arm64 Emitting\ module\ for\ JJPlayerKit (in target 'JJPlayerKit' from project 'JJPlayerKit')

EmitSwiftModule normal arm64 (in target 'JJPlayerKit' from project 'JJPlayerKit')
    cd /Users/jiao/Desktop/Project/JJPlayer/JJPlayer.xcodeproj
    

SwiftDriverJobDiscovery normal arm64 Emitting module for JJPlayerKit (in target 'JJPlayerKit' from project 'JJPlayerKit')

SwiftDriver\ Compilation\ Requirements JJPlayerKit normal arm64 com.apple.xcode.tools.swift.compiler (in target 'JJPlayerKit' from project 'JJPlayerKit')
    cd /Users/jiao/Desktop/Project/JJPlayer/JJPlayer.xcodeproj
    builtin-Swift-Compilation-Requirements -- /Applications/Xcode.app/Contents/Developer/Toolchains/XcodeDefault.xctoolchain/usr/bin/swiftc -module-name JJPlayerKit -Onone @/Users/jiao/Library/Developer/Xcode/DerivedData/JJPlayer-bdaloyzxyncocyezvrmscshxyhrt/Build/Intermediates.noindex/JJPlayerKit.build/Debug-iphonesimulator/JJPlayerKit.build/Objects-normal/arm64/JJPlayerKit.SwiftFileList -DSWIFT_PACKAGE -DDEBUG -DSWIFT_MODULE_RESOURCE_BUNDLE_UNAVAILABLE -Xcc -fmodule-map-file\=/Users/jiao/Library/Developer/Xcode/DerivedData/JJPlayer-bdaloyzxyncocyezvrmscshxyhrt/Build/Intermediates.noindex/GeneratedModuleMaps-iphonesimulator/JJFFmpegCore.modulemap -DXcode -plugin-path /Applications/Xcode.app/Contents/Developer/Toolchains/XcodeDefault.xctoolchain/usr/lib/swift/host/plugins/testing -enable-experimental-feature DebugDescriptionMacro -sdk /Applications/Xcode.app/Contents/Developer/Platforms/iPhoneSimulator.platform/Developer/SDKs/iPhoneSimulator26.5.sdk -target arm64-apple-ios15.0-simulator -g -module-cache-path /Users/jiao/Library/Developer/Xcode/DerivedData/ModuleCache.noindex -Xfrontend -serialize-debugging-options -profile-coverage-mapping -profile-generate -enable-testing -index-store-path /Users/jiao/Library/Developer/Xcode/DerivedData/JJPlayer-bdaloyzxyncocyezvrmscshxyhrt/Index.noindex/DataStore -Xcc -D_LIBCPP_HARDENING_MODE\=_LIBCPP_HARDENING_MODE_DEBUG -swift-version 5 -I /Users/jiao/Library/Developer/Xcode/DerivedData/JJPlayer-bdaloyzxyncocyezvrmscshxyhrt/Build/Products/Debug-iphonesimulator -Isystem /Applications/Xcode.app/Contents/Developer/Platforms/iPhoneSimulator.platform/Developer/usr/lib -F /Users/jiao/Library/Developer/Xcode/DerivedData/JJPlayer-bdaloyzxyncocyezvrmscshxyhrt/Build/Products/Debug-iphonesimulator/PackageFrameworks -F /Users/jiao/Library/Developer/Xcode/DerivedData/JJPlayer-bdaloyzxyncocyezvrmscshxyhrt/Build/Products/Debug-iphonesimulator -F /Applications/Xcode.app/Contents/Developer/Platforms/iPhoneSimulator.platform/Developer/Library/Frameworks -F /Applications/Xcode.app/Contents/Developer/Platforms/iPhoneSimulator.platform/Developer/SDKs/iPhoneSimulator26.5.sdk/Developer/Library/Frameworks -c -j14 -enable-batch-mode -incremental -Xcc -ivfsstatcache -Xcc /Users/jiao/Library/Developer/Xcode/DerivedData/SDKStatCaches.noindex/iphonesimulator26.5-23F73-6cfe768891a92b912361537c460fe42b.sdkstatcache -output-file-map /Users/jiao/Library/Developer/Xcode/DerivedData/JJPlayer-bdaloyzxyncocyezvrmscshxyhrt/Build/Intermediates.noindex/JJPlayerKit.build/Debug-iphonesimulator/JJPlayerKit.build/Objects-normal/arm64/JJPlayerKit-OutputFileMap.json -use-frontend-parseable-output -save-temps -no-color-diagnostics -explicit-module-build -module-cache-path /Users/jiao/Library/Developer/Xcode/DerivedData/JJPlayer-bdaloyzxyncocyezvrmscshxyhrt/Build/Intermediates.noindex/SwiftExplicitPrecompiledModules -clang-scanner-module-cache-path /Users/jiao/Library/Developer/Xcode/DerivedData/ModuleCache.noindex -sdk-module-cache-path /Users/jiao/Library/Developer/Xcode/DerivedData/ModuleCache.noindex -serialize-diagnostics -emit-dependencies -emit-module -emit-module-path /Users/jiao/Library/Developer/Xcode/DerivedData/JJPlayer-bdaloyzxyncocyezvrmscshxyhrt/Build/Intermediates.noindex/JJPlayerKit.build/Debug-iphonesimulator/JJPlayerKit.build/Objects-normal/arm64/JJPlayerKit.swiftmodule -validate-clang-modules-once -clang-build-session-file /Users/jiao/Library/Developer/Xcode/DerivedData/ModuleCache.noindex/Session.modulevalidation -package-name jjplayerkit -Xcc -I/Users/jiao/Library/Developer/Xcode/DerivedData/JJPlayer-bdaloyzxyncocyezvrmscshxyhrt/Build/Intermediates.noindex/JJPlayerKit.build/Debug-iphonesimulator/JJPlayerKit.build/swift-overrides.hmap -emit-const-values -Xfrontend -const-gather-protocols-file -Xfrontend /Users/jiao/Library/Developer/Xcode/DerivedData/JJPlayer-bdaloyzxyncocyezvrmscshxyhrt/Build/Intermediates.noindex/JJPlayerKit.build/Debug-iphonesimulator/JJPlayerKit.build/Objects-normal/arm64/JJPlayerKit_const_extract_protocols.json -Xcc -I/Users/jiao/Desktop/Project/JJPlayer/JJPlayerKit/Sources/JJFFmpegCore/include -Xcc -I/Users/jiao/Library/Developer/Xcode/DerivedData/JJPlayer-bdaloyzxyncocyezvrmscshxyhrt/Build/Products/Debug-iphonesimulator/include -Xcc -I/Users/jiao/Library/Developer/Xcode/DerivedData/JJPlayer-bdaloyzxyncocyezvrmscshxyhrt/Build/Intermediates.noindex/JJPlayerKit.build/Debug-iphonesimulator/JJPlayerKit.build/DerivedSources-normal/arm64 -Xcc -I/Users/jiao/Library/Developer/Xcode/DerivedData/JJPlayer-bdaloyzxyncocyezvrmscshxyhrt/Build/Intermediates.noindex/JJPlayerKit.build/Debug-iphonesimulator/JJPlayerKit.build/DerivedSources/arm64 -Xcc -I/Users/jiao/Library/Developer/Xcode/DerivedData/JJPlayer-bdaloyzxyncocyezvrmscshxyhrt/Build/Intermediates.noindex/JJPlayerKit.build/Debug-iphonesimulator/JJPlayerKit.build/DerivedSources -Xcc -DSWIFT_PACKAGE -Xcc -DDEBUG\=1 -emit-objc-header -emit-objc-header-path /Users/jiao/Library/Developer/Xcode/DerivedData/JJPlayer-bdaloyzxyncocyezvrmscshxyhrt/Build/Intermediates.noindex/JJPlayerKit.build/Debug-iphonesimulator/JJPlayerKit.build/Objects-normal/arm64/JJPlayerKit-Swift.h -working-directory /Users/jiao/Desktop/Project/JJPlayer/JJPlayer.xcodeproj -experimental-emit-module-separately -disable-cmo

Copy /Users/jiao/Library/Developer/Xcode/DerivedData/JJPlayer-bdaloyzxyncocyezvrmscshxyhrt/Build/Products/Debug-iphonesimulator/JJPlayerKit.swiftmodule/arm64-apple-ios-simulator.abi.json /Users/jiao/Library/Developer/Xcode/DerivedData/JJPlayer-bdaloyzxyncocyezvrmscshxyhrt/Build/Intermediates.noindex/JJPlayerKit.build/Debug-iphonesimulator/JJPlayerKit.build/Objects-normal/arm64/JJPlayerKit.abi.json (in target 'JJPlayerKit' from project 'JJPlayerKit')
    cd /Users/jiao/Desktop/Project/JJPlayer/JJPlayerKit
    builtin-copy -exclude .DS_Store -exclude CVS -exclude .svn -exclude .git -exclude .hg -resolve-src-symlinks -rename /Users/jiao/Library/Developer/Xcode/DerivedData/JJPlayer-bdaloyzxyncocyezvrmscshxyhrt/Build/Intermediates.noindex/JJPlayerKit.build/Debug-iphonesimulator/JJPlayerKit.build/Objects-normal/arm64/JJPlayerKit.abi.json /Users/jiao/Library/Developer/Xcode/DerivedData/JJPlayer-bdaloyzxyncocyezvrmscshxyhrt/Build/Products/Debug-iphonesimulator/JJPlayerKit.swiftmodule/arm64-apple-ios-simulator.abi.json

Copy /Users/jiao/Library/Developer/Xcode/DerivedData/JJPlayer-bdaloyzxyncocyezvrmscshxyhrt/Build/Products/Debug-iphonesimulator/JJPlayerKit.swiftmodule/Project/arm64-apple-ios-simulator.swiftsourceinfo /Users/jiao/Library/Developer/Xcode/DerivedData/JJPlayer-bdaloyzxyncocyezvrmscshxyhrt/Build/Intermediates.noindex/JJPlayerKit.build/Debug-iphonesimulator/JJPlayerKit.build/Objects-normal/arm64/JJPlayerKit.swiftsourceinfo (in target 'JJPlayerKit' from project 'JJPlayerKit')
    cd /Users/jiao/Desktop/Project/JJPlayer/JJPlayerKit
    builtin-copy -exclude .DS_Store -exclude CVS -exclude .svn -exclude .git -exclude .hg -resolve-src-symlinks -rename /Users/jiao/Library/Developer/Xcode/DerivedData/JJPlayer-bdaloyzxyncocyezvrmscshxyhrt/Build/Intermediates.noindex/JJPlayerKit.build/Debug-iphonesimulator/JJPlayerKit.build/Objects-normal/arm64/JJPlayerKit.swiftsourceinfo /Users/jiao/Library/Developer/Xcode/DerivedData/JJPlayer-bdaloyzxyncocyezvrmscshxyhrt/Build/Products/Debug-iphonesimulator/JJPlayerKit.swiftmodule/Project/arm64-apple-ios-simulator.swiftsourceinfo

SwiftDriverJobDiscovery normal arm64 Compiling JJSwiftUIPlayerView.swift (in target 'JJPlayerKit' from project 'JJPlayerKit')

SwiftDriver\ Compilation JJPlayerKit normal arm64 com.apple.xcode.tools.swift.compiler (in target 'JJPlayerKit' from project 'JJPlayerKit')
    cd /Users/jiao/Desktop/Project/JJPlayer/JJPlayer.xcodeproj
    builtin-Swift-Compilation -- /Applications/Xcode.app/Contents/Developer/Toolchains/XcodeDefault.xctoolchain/usr/bin/swiftc -module-name JJPlayerKit -Onone @/Users/jiao/Library/Developer/Xcode/DerivedData/JJPlayer-bdaloyzxyncocyezvrmscshxyhrt/Build/Intermediates.noindex/JJPlayerKit.build/Debug-iphonesimulator/JJPlayerKit.build/Objects-normal/arm64/JJPlayerKit.SwiftFileList -DSWIFT_PACKAGE -DDEBUG -DSWIFT_MODULE_RESOURCE_BUNDLE_UNAVAILABLE -Xcc -fmodule-map-file\=/Users/jiao/Library/Developer/Xcode/DerivedData/JJPlayer-bdaloyzxyncocyezvrmscshxyhrt/Build/Intermediates.noindex/GeneratedModuleMaps-iphonesimulator/JJFFmpegCore.modulemap -DXcode -plugin-path /Applications/Xcode.app/Contents/Developer/Toolchains/XcodeDefault.xctoolchain/usr/lib/swift/host/plugins/testing -enable-experimental-feature DebugDescriptionMacro -sdk /Applications/Xcode.app/Contents/Developer/Platforms/iPhoneSimulator.platform/Developer/SDKs/iPhoneSimulator26.5.sdk -target arm64-apple-ios15.0-simulator -g -module-cache-path /Users/jiao/Library/Developer/Xcode/DerivedData/ModuleCache.noindex -Xfrontend -serialize-debugging-options -profile-coverage-mapping -profile-generate -enable-testing -index-store-path /Users/jiao/Library/Developer/Xcode/DerivedData/JJPlayer-bdaloyzxyncocyezvrmscshxyhrt/Index.noindex/DataStore -Xcc -D_LIBCPP_HARDENING_MODE\=_LIBCPP_HARDENING_MODE_DEBUG -swift-version 5 -I /Users/jiao/Library/Developer/Xcode/DerivedData/JJPlayer-bdaloyzxyncocyezvrmscshxyhrt/Build/Products/Debug-iphonesimulator -Isystem /Applications/Xcode.app/Contents/Developer/Platforms/iPhoneSimulator.platform/Developer/usr/lib -F /Users/jiao/Library/Developer/Xcode/DerivedData/JJPlayer-bdaloyzxyncocyezvrmscshxyhrt/Build/Products/Debug-iphonesimulator/PackageFrameworks -F /Users/jiao/Library/Developer/Xcode/DerivedData/JJPlayer-bdaloyzxyncocyezvrmscshxyhrt/Build/Products/Debug-iphonesimulator -F /Applications/Xcode.app/Contents/Developer/Platforms/iPhoneSimulator.platform/Developer/Library/Frameworks -F /Applications/Xcode.app/Contents/Developer/Platforms/iPhoneSimulator.platform/Developer/SDKs/iPhoneSimulator26.5.sdk/Developer/Library/Frameworks -c -j14 -enable-batch-mode -incremental -Xcc -ivfsstatcache -Xcc /Users/jiao/Library/Developer/Xcode/DerivedData/SDKStatCaches.noindex/iphonesimulator26.5-23F73-6cfe768891a92b912361537c460fe42b.sdkstatcache -output-file-map /Users/jiao/Library/Developer/Xcode/DerivedData/JJPlayer-bdaloyzxyncocyezvrmscshxyhrt/Build/Intermediates.noindex/JJPlayerKit.build/Debug-iphonesimulator/JJPlayerKit.build/Objects-normal/arm64/JJPlayerKit-OutputFileMap.json -use-frontend-parseable-output -save-temps -no-color-diagnostics -explicit-module-build -module-cache-path /Users/jiao/Library/Developer/Xcode/DerivedData/JJPlayer-bdaloyzxyncocyezvrmscshxyhrt/Build/Intermediates.noindex/SwiftExplicitPrecompiledModules -clang-scanner-module-cache-path /Users/jiao/Library/Developer/Xcode/DerivedData/ModuleCache.noindex -sdk-module-cache-path /Users/jiao/Library/Developer/Xcode/DerivedData/ModuleCache.noindex -serialize-diagnostics -emit-dependencies -emit-module -emit-module-path /Users/jiao/Library/Developer/Xcode/DerivedData/JJPlayer-bdaloyzxyncocyezvrmscshxyhrt/Build/Intermediates.noindex/JJPlayerKit.build/Debug-iphonesimulator/JJPlayerKit.build/Objects-normal/arm64/JJPlayerKit.swiftmodule -validate-clang-modules-once -clang-build-session-file /Users/jiao/Library/Developer/Xcode/DerivedData/ModuleCache.noindex/Session.modulevalidation -package-name jjplayerkit -Xcc -I/Users/jiao/Library/Developer/Xcode/DerivedData/JJPlayer-bdaloyzxyncocyezvrmscshxyhrt/Build/Intermediates.noindex/JJPlayerKit.build/Debug-iphonesimulator/JJPlayerKit.build/swift-overrides.hmap -emit-const-values -Xfrontend -const-gather-protocols-file -Xfrontend /Users/jiao/Library/Developer/Xcode/DerivedData/JJPlayer-bdaloyzxyncocyezvrmscshxyhrt/Build/Intermediates.noindex/JJPlayerKit.build/Debug-iphonesimulator/JJPlayerKit.build/Objects-normal/arm64/JJPlayerKit_const_extract_protocols.json -Xcc -I/Users/jiao/Desktop/Project/JJPlayer/JJPlayerKit/Sources/JJFFmpegCore/include -Xcc -I/Users/jiao/Library/Developer/Xcode/DerivedData/JJPlayer-bdaloyzxyncocyezvrmscshxyhrt/Build/Products/Debug-iphonesimulator/include -Xcc -I/Users/jiao/Library/Developer/Xcode/DerivedData/JJPlayer-bdaloyzxyncocyezvrmscshxyhrt/Build/Intermediates.noindex/JJPlayerKit.build/Debug-iphonesimulator/JJPlayerKit.build/DerivedSources-normal/arm64 -Xcc -I/Users/jiao/Library/Developer/Xcode/DerivedData/JJPlayer-bdaloyzxyncocyezvrmscshxyhrt/Build/Intermediates.noindex/JJPlayerKit.build/Debug-iphonesimulator/JJPlayerKit.build/DerivedSources/arm64 -Xcc -I/Users/jiao/Library/Developer/Xcode/DerivedData/JJPlayer-bdaloyzxyncocyezvrmscshxyhrt/Build/Intermediates.noindex/JJPlayerKit.build/Debug-iphonesimulator/JJPlayerKit.build/DerivedSources -Xcc -DSWIFT_PACKAGE -Xcc -DDEBUG\=1 -emit-objc-header -emit-objc-header-path /Users/jiao/Library/Developer/Xcode/DerivedData/JJPlayer-bdaloyzxyncocyezvrmscshxyhrt/Build/Intermediates.noindex/JJPlayerKit.build/Debug-iphonesimulator/JJPlayerKit.build/Objects-normal/arm64/JJPlayerKit-Swift.h -working-directory /Users/jiao/Desktop/Project/JJPlayer/JJPlayer.xcodeproj -experimental-emit-module-separately -disable-cmo

Ld /Users/jiao/Library/Developer/Xcode/DerivedData/JJPlayer-bdaloyzxyncocyezvrmscshxyhrt/Build/Products/Debug-iphonesimulator/JJPlayerKit.o normal (in target 'JJPlayerKit' from project 'JJPlayerKit')
    cd /Users/jiao/Desktop/Project/JJPlayer/JJPlayerKit
    /Applications/Xcode.app/Contents/Developer/Toolchains/XcodeDefault.xctoolchain/usr/bin/clang -Xlinker -reproducible -target arm64-apple-ios15.0-simulator -r -isysroot /Applications/Xcode.app/Contents/Developer/Platforms/iPhoneSimulator.platform/Developer/SDKs/iPhoneSimulator26.5.sdk -O0 -F/Users/jiao/Library/Developer/Xcode/DerivedData/JJPlayer-bdaloyzxyncocyezvrmscshxyhrt/Build/Intermediates.noindex/EagerLinkingTBDs/Debug-iphonesimulator -F/Users/jiao/Library/Developer/Xcode/DerivedData/JJPlayer-bdaloyzxyncocyezvrmscshxyhrt/Build/Products/Debug-iphonesimulator/PackageFrameworks -F/Users/jiao/Library/Developer/Xcode/DerivedData/JJPlayer-bdaloyzxyncocyezvrmscshxyhrt/Build/Products/Debug-iphonesimulator -iframework /Applications/Xcode.app/Contents/Developer/Platforms/iPhoneSimulator.platform/Developer/Library/Frameworks -iframework /Applications/Xcode.app/Contents/Developer/Platforms/iPhoneSimulator.platform/Developer/SDKs/iPhoneSimulator26.5.sdk/Developer/Library/Frameworks -filelist /Users/jiao/Library/Developer/Xcode/DerivedData/JJPlayer-bdaloyzxyncocyezvrmscshxyhrt/Build/Intermediates.noindex/JJPlayerKit.build/Debug-iphonesimulator/JJPlayerKit.build/Objects-normal/arm64/JJPlayerKit.LinkFileList -nostdlib -Xlinker -object_path_lto -Xlinker /Users/jiao/Library/Developer/Xcode/DerivedData/JJPlayer-bdaloyzxyncocyezvrmscshxyhrt/Build/Intermediates.noindex/JJPlayerKit.build/Debug-iphonesimulator/JJPlayerKit.build/Objects-normal/arm64/JJPlayerKit_lto.o -Xlinker -no_deduplicate -Xlinker -objc_abi_version -Xlinker 2 -Xlinker -debug_variant -Xlinker -dependency_info -Xlinker /Users/jiao/Library/Developer/Xcode/DerivedData/JJPlayer-bdaloyzxyncocyezvrmscshxyhrt/Build/Intermediates.noindex/JJPlayerKit.build/Debug-iphonesimulator/JJPlayerKit.build/Objects-normal/arm64/JJPlayerKit_dependency_info.dat -fobjc-link-runtime -L/Applications/Xcode.app/Contents/Developer/Toolchains/XcodeDefault.xctoolchain/usr/lib/swift/iphonesimulator -L/usr/lib/swift -Xlinker -add_ast_path -Xlinker /Users/jiao/Library/Developer/Xcode/DerivedData/JJPlayer-bdaloyzxyncocyezvrmscshxyhrt/Build/Intermediates.noindex/JJPlayerKit.build/Debug-iphonesimulator/JJPlayerKit.build/Objects-normal/arm64/JJPlayerKit.swiftmodule @/Users/jiao/Library/Developer/Xcode/DerivedData/JJPlayer-bdaloyzxyncocyezvrmscshxyhrt/Build/Intermediates.noindex/JJPlayerKit.build/Debug-iphonesimulator/JJPlayerKit.build/Objects-normal/arm64/JJPlayerKit-linker-args.resp -o /Users/jiao/Library/Developer/Xcode/DerivedData/JJPlayer-bdaloyzxyncocyezvrmscshxyhrt/Build/Products/Debug-iphonesimulator/JJPlayerKit.o

ExtractAppIntentsMetadata (in target 'JJPlayerKit' from project 'JJPlayerKit')
    cd /Users/jiao/Desktop/Project/JJPlayer/JJPlayerKit
    /Applications/Xcode.app/Contents/Developer/Toolchains/XcodeDefault.xctoolchain/usr/bin/appintentsmetadataprocessor --toolchain-dir /Applications/Xcode.app/Contents/Developer/Toolchains/XcodeDefault.xctoolchain --module-name JJPlayerKit --sdk-root /Applications/Xcode.app/Contents/Developer/Platforms/iPhoneSimulator.platform/Developer/SDKs/iPhoneSimulator26.5.sdk --xcode-version 17F42 --platform-family iOS --deployment-target 15.0 --bundle-identifier jjplayerkit.JJPlayerKit --output /Users/jiao/Library/Developer/Xcode/DerivedData/JJPlayer-bdaloyzxyncocyezvrmscshxyhrt/Build/Products/Debug-iphonesimulator/JJPlayerKit.appintents --target-triple arm64-apple-ios15.0-simulator --binary-file /Users/jiao/Library/Developer/Xcode/DerivedData/JJPlayer-bdaloyzxyncocyezvrmscshxyhrt/Build/Products/Debug-iphonesimulator/JJPlayerKit.o --dependency-file /Users/jiao/Library/Developer/Xcode/DerivedData/JJPlayer-bdaloyzxyncocyezvrmscshxyhrt/Build/Intermediates.noindex/JJPlayerKit.build/Debug-iphonesimulator/JJPlayerKit.build/Objects-normal/arm64/JJPlayerKit_dependency_info.dat --stringsdata-file /Users/jiao/Library/Developer/Xcode/DerivedData/JJPlayer-bdaloyzxyncocyezvrmscshxyhrt/Build/Intermediates.noindex/JJPlayerKit.build/Debug-iphonesimulator/JJPlayerKit.build/Objects-normal/arm64/ExtractedAppShortcutsMetadata.stringsdata --source-file-list /Users/jiao/Library/Developer/Xcode/DerivedData/JJPlayer-bdaloyzxyncocyezvrmscshxyhrt/Build/Intermediates.noindex/JJPlayerKit.build/Debug-iphonesimulator/JJPlayerKit.build/Objects-normal/arm64/JJPlayerKit.SwiftFileList --metadata-file-list /Users/jiao/Library/Developer/Xcode/DerivedData/JJPlayer-bdaloyzxyncocyezvrmscshxyhrt/Build/Intermediates.noindex/JJPlayerKit.build/Debug-iphonesimulator/JJPlayerKit.build/JJPlayerKit.DependencyMetadataFileList --static-metadata-file-list /Users/jiao/Library/Developer/Xcode/DerivedData/JJPlayer-bdaloyzxyncocyezvrmscshxyhrt/Build/Intermediates.noindex/JJPlayerKit.build/Debug-iphonesimulator/JJPlayerKit.build/JJPlayerKit.DependencyStaticMetadataFileList --swift-const-vals-list /Users/jiao/Library/Developer/Xcode/DerivedData/JJPlayer-bdaloyzxyncocyezvrmscshxyhrt/Build/Intermediates.noindex/JJPlayerKit.build/Debug-iphonesimulator/JJPlayerKit.build/Objects-normal/arm64/JJPlayerKit.SwiftConstValuesFileList --force --compile-time-extraction --deployment-aware-processing --validate-assistant-intents --no-app-shortcuts-localization
2026-05-21 11:32:26.797 appintentsmetadataprocessor[89677:5664666] Starting appintentsmetadataprocessor export
2026-05-21 11:32:26.804 appintentsmetadataprocessor[89677:5664666] Extracted no relevant App Intents symbols, skipping writing output

RegisterExecutionPolicyException /Users/jiao/Library/Developer/Xcode/DerivedData/JJPlayer-bdaloyzxyncocyezvrmscshxyhrt/Build/Products/Debug-iphonesimulator/JJPlayerKit.o (in target 'JJPlayerKit' from project 'JJPlayerKit')
    cd /Users/jiao/Desktop/Project/JJPlayer/JJPlayerKit
    builtin-RegisterExecutionPolicyException /Users/jiao/Library/Developer/Xcode/DerivedData/JJPlayer-bdaloyzxyncocyezvrmscshxyhrt/Build/Products/Debug-iphonesimulator/JJPlayerKit.o

note: Run script build phase 'SwiftFormat' will be run during every build because the option to run the script phase "Based on dependency analysis" is unchecked. (in target 'JJPlayer' from project 'JJPlayer')
note: Run script build phase 'SwiftLint' will be run during every build because the option to run the script phase "Based on dependency analysis" is unchecked. (in target 'JJPlayer' from project 'JJPlayer')
ProcessInfoPlistFile /Users/jiao/Library/Developer/Xcode/DerivedData/JJPlayer-bdaloyzxyncocyezvrmscshxyhrt/Build/Products/Debug-iphonesimulator/JJPlayer.app/Info.plist /Users/jiao/Library/Developer/Xcode/DerivedData/JJPlayer-bdaloyzxyncocyezvrmscshxyhrt/Build/Intermediates.noindex/JJPlayer.build/Debug-iphonesimulator/JJPlayer.build/empty-JJPlayer.plist (in target 'JJPlayer' from project 'JJPlayer')
    cd /Users/jiao/Desktop/Project/JJPlayer
    builtin-infoPlistUtility /Users/jiao/Library/Developer/Xcode/DerivedData/JJPlayer-bdaloyzxyncocyezvrmscshxyhrt/Build/Intermediates.noindex/JJPlayer.build/Debug-iphonesimulator/JJPlayer.build/empty-JJPlayer.plist -producttype com.apple.product-type.application -genpkginfo /Users/jiao/Library/Developer/Xcode/DerivedData/JJPlayer-bdaloyzxyncocyezvrmscshxyhrt/Build/Products/Debug-iphonesimulator/JJPlayer.app/PkgInfo -expandbuildsettings -format binary -platform iphonesimulator -additionalcontentfile /Users/jiao/Library/Developer/Xcode/DerivedData/JJPlayer-bdaloyzxyncocyezvrmscshxyhrt/Build/Intermediates.noindex/JJPlayer.build/Debug-iphonesimulator/JJPlayer.build/assetcatalog_generated_info.plist -scanforprivacyfile /Users/jiao/Library/Developer/Xcode/DerivedData/JJPlayer-bdaloyzxyncocyezvrmscshxyhrt/Build/Products/Debug-iphonesimulator/JJPlayer.app/Frameworks/ffmpegkit.framework -scanforprivacyfile /Users/jiao/Library/Developer/Xcode/DerivedData/JJPlayer-bdaloyzxyncocyezvrmscshxyhrt/Build/Products/Debug-iphonesimulator/JJPlayer.app/Frameworks/libavcodec.framework -scanforprivacyfile /Users/jiao/Library/Developer/Xcode/DerivedData/JJPlayer-bdaloyzxyncocyezvrmscshxyhrt/Build/Products/Debug-iphonesimulator/JJPlayer.app/Frameworks/libavdevice.framework -scanforprivacyfile /Users/jiao/Library/Developer/Xcode/DerivedData/JJPlayer-bdaloyzxyncocyezvrmscshxyhrt/Build/Products/Debug-iphonesimulator/JJPlayer.app/Frameworks/libavfilter.framework -scanforprivacyfile /Users/jiao/Library/Developer/Xcode/DerivedData/JJPlayer-bdaloyzxyncocyezvrmscshxyhrt/Build/Products/Debug-iphonesimulator/JJPlayer.app/Frameworks/libavformat.framework -scanforprivacyfile /Users/jiao/Library/Developer/Xcode/DerivedData/JJPlayer-bdaloyzxyncocyezvrmscshxyhrt/Build/Products/Debug-iphonesimulator/JJPlayer.app/Frameworks/libavutil.framework -scanforprivacyfile /Users/jiao/Library/Developer/Xcode/DerivedData/JJPlayer-bdaloyzxyncocyezvrmscshxyhrt/Build/Products/Debug-iphonesimulator/JJPlayer.app/Frameworks/libswresample.framework -scanforprivacyfile /Users/jiao/Library/Developer/Xcode/DerivedData/JJPlayer-bdaloyzxyncocyezvrmscshxyhrt/Build/Products/Debug-iphonesimulator/JJPlayer.app/Frameworks/libswscale.framework -o /Users/jiao/Library/Developer/Xcode/DerivedData/JJPlayer-bdaloyzxyncocyezvrmscshxyhrt/Build/Products/Debug-iphonesimulator/JJPlayer.app/Info.plist

Ld /Users/jiao/Library/Developer/Xcode/DerivedData/JJPlayer-bdaloyzxyncocyezvrmscshxyhrt/Build/Products/Debug-iphonesimulator/JJPlayer.app/JJPlayer.debug.dylib normal (in target 'JJPlayer' from project 'JJPlayer')
    cd /Users/jiao/Desktop/Project/JJPlayer
    /Applications/Xcode.app/Contents/Developer/Toolchains/XcodeDefault.xctoolchain/usr/bin/clang -Xlinker -reproducible -target arm64-apple-ios17-simulator -dynamiclib -isysroot /Applications/Xcode.app/Contents/Developer/Platforms/iPhoneSimulator.platform/Developer/SDKs/iPhoneSimulator26.5.sdk -O0 -L/Users/jiao/Library/Developer/Xcode/DerivedData/JJPlayer-bdaloyzxyncocyezvrmscshxyhrt/Build/Intermediates.noindex/EagerLinkingTBDs/Debug-iphonesimulator -L/Users/jiao/Library/Developer/Xcode/DerivedData/JJPlayer-bdaloyzxyncocyezvrmscshxyhrt/Build/Products/Debug-iphonesimulator -F/Users/jiao/Library/Developer/Xcode/DerivedData/JJPlayer-bdaloyzxyncocyezvrmscshxyhrt/Build/Intermediates.noindex/EagerLinkingTBDs/Debug-iphonesimulator -F/Users/jiao/Library/Developer/Xcode/DerivedData/JJPlayer-bdaloyzxyncocyezvrmscshxyhrt/Build/Products/Debug-iphonesimulator/PackageFrameworks -F/Users/jiao/Library/Developer/Xcode/DerivedData/JJPlayer-bdaloyzxyncocyezvrmscshxyhrt/Build/Products/Debug-iphonesimulator/PackageFrameworks -F/Users/jiao/Library/Developer/Xcode/DerivedData/JJPlayer-bdaloyzxyncocyezvrmscshxyhrt/Build/Products/Debug-iphonesimulator -filelist /Users/jiao/Library/Developer/Xcode/DerivedData/JJPlayer-bdaloyzxyncocyezvrmscshxyhrt/Build/Intermediates.noindex/JJPlayer.build/Debug-iphonesimulator/JJPlayer.build/Objects-normal/arm64/JJPlayer.LinkFileList -install_name @rpath/JJPlayer.debug.dylib -Xlinker -rpath -Xlinker /usr/lib/swift -Xlinker -rpath -Xlinker /Users/jiao/Library/Developer/Xcode/DerivedData/JJPlayer-bdaloyzxyncocyezvrmscshxyhrt/Build/Products/Debug-iphonesimulator/PackageFrameworks -Xlinker -rpath -Xlinker @executable_path/Frameworks -Xlinker -dead_strip -Xlinker -object_path_lto -Xlinker /Users/jiao/Library/Developer/Xcode/DerivedData/JJPlayer-bdaloyzxyncocyezvrmscshxyhrt/Build/Intermediates.noindex/JJPlayer.build/Debug-iphonesimulator/JJPlayer.build/Objects-normal/arm64/JJPlayer_lto.o -rdynamic -Xlinker -no_deduplicate -Xlinker -objc_abi_version -Xlinker 2 -Xlinker -debug_variant -Xlinker -dependency_info -Xlinker /Users/jiao/Library/Developer/Xcode/DerivedData/JJPlayer-bdaloyzxyncocyezvrmscshxyhrt/Build/Intermediates.noindex/JJPlayer.build/Debug-iphonesimulator/JJPlayer.build/Objects-normal/arm64/JJPlayer_dependency_info.dat -fobjc-link-runtime -fprofile-instr-generate -L/Applications/Xcode.app/Contents/Developer/Toolchains/XcodeDefault.xctoolchain/usr/lib/swift/iphonesimulator -L/usr/lib/swift -Xlinker -add_ast_path -Xlinker /Users/jiao/Library/Developer/Xcode/DerivedData/JJPlayer-bdaloyzxyncocyezvrmscshxyhrt/Build/Intermediates.noindex/JJPlayer.build/Debug-iphonesimulator/JJPlayer.build/Objects-normal/arm64/JJPlayer.swiftmodule @/Users/jiao/Library/Developer/Xcode/DerivedData/JJPlayer-bdaloyzxyncocyezvrmscshxyhrt/Build/Intermediates.noindex/JJPlayer.build/Debug-iphonesimulator/JJPlayer.build/Objects-normal/arm64/JJPlayer-linker-args.resp -Wl,-no_warn_duplicate_libraries -Wl,-no_warn_duplicate_libraries -Xlinker -alias -Xlinker _main -Xlinker ___debug_main_executable_dylib_entry_point -framework ffmpegkit -framework libavcodec -framework libavdevice -framework libavfilter -framework libavformat -framework libavutil -framework libswresample -framework libswscale -framework ffmpegkit -framework libavcodec -framework libavdevice -framework libavfilter -framework libavformat -framework libavutil -framework libswresample -framework libswscale -Xlinker -no_adhoc_codesign -o /Users/jiao/Library/Developer/Xcode/DerivedData/JJPlayer-bdaloyzxyncocyezvrmscshxyhrt/Build/Products/Debug-iphonesimulator/JJPlayer.app/JJPlayer.debug.dylib -Xlinker -add_ast_path -Xlinker /Users/jiao/Library/Developer/Xcode/DerivedData/JJPlayer-bdaloyzxyncocyezvrmscshxyhrt/Build/Intermediates.noindex/JJPlayerKit.build/Debug-iphonesimulator/JJPlayerKit.build/Objects-normal/arm64/JJPlayerKit.swiftmodule @/Users/jiao/Library/Developer/Xcode/DerivedData/JJPlayer-bdaloyzxyncocyezvrmscshxyhrt/Build/Intermediates.noindex/JJPlayerKit.build/Debug-iphonesimulator/JJPlayerKit.build/Objects-normal/arm64/JJPlayerKit-linker-args.resp

ConstructStubExecutorLinkFileList /Users/jiao/Library/Developer/Xcode/DerivedData/JJPlayer-bdaloyzxyncocyezvrmscshxyhrt/Build/Intermediates.noindex/JJPlayer.build/Debug-iphonesimulator/JJPlayer.build/JJPlayer-ExecutorLinkFileList-normal-arm64.txt (in target 'JJPlayer' from project 'JJPlayer')
    cd /Users/jiao/Desktop/Project/JJPlayer
    construct-stub-executor-link-file-list /Users/jiao/Library/Developer/Xcode/DerivedData/JJPlayer-bdaloyzxyncocyezvrmscshxyhrt/Build/Products/Debug-iphonesimulator/JJPlayer.app/JJPlayer.debug.dylib /Applications/Xcode.app/Contents/Developer/Platforms/iPhoneSimulator.platform/Developer/usr/lib/libPreviewsJITStubExecutor_no_swift_entry_point.a /Applications/Xcode.app/Contents/Developer/Platforms/iPhoneSimulator.platform/Developer/usr/lib/libPreviewsJITStubExecutor.a --output /Users/jiao/Library/Developer/Xcode/DerivedData/JJPlayer-bdaloyzxyncocyezvrmscshxyhrt/Build/Intermediates.noindex/JJPlayer.build/Debug-iphonesimulator/JJPlayer.build/JJPlayer-ExecutorLinkFileList-normal-arm64.txt
note: Using stub executor library with Swift entry point. (in target 'JJPlayer' from project 'JJPlayer')

Ld /Users/jiao/Library/Developer/Xcode/DerivedData/JJPlayer-bdaloyzxyncocyezvrmscshxyhrt/Build/Products/Debug-iphonesimulator/JJPlayer.app/JJPlayer normal (in target 'JJPlayer' from project 'JJPlayer')
    cd /Users/jiao/Desktop/Project/JJPlayer
    /Applications/Xcode.app/Contents/Developer/Toolchains/XcodeDefault.xctoolchain/usr/bin/clang -Xlinker -reproducible -target arm64-apple-ios17-simulator -isysroot /Applications/Xcode.app/Contents/Developer/Platforms/iPhoneSimulator.platform/Developer/SDKs/iPhoneSimulator26.5.sdk -O0 -L/Users/jiao/Library/Developer/Xcode/DerivedData/JJPlayer-bdaloyzxyncocyezvrmscshxyhrt/Build/Products/Debug-iphonesimulator -F/Users/jiao/Library/Developer/Xcode/DerivedData/JJPlayer-bdaloyzxyncocyezvrmscshxyhrt/Build/Products/Debug-iphonesimulator/PackageFrameworks -F/Users/jiao/Library/Developer/Xcode/DerivedData/JJPlayer-bdaloyzxyncocyezvrmscshxyhrt/Build/Products/Debug-iphonesimulator/PackageFrameworks -F/Users/jiao/Library/Developer/Xcode/DerivedData/JJPlayer-bdaloyzxyncocyezvrmscshxyhrt/Build/Products/Debug-iphonesimulator -Xlinker -rpath -Xlinker @executable_path -Xlinker -rpath -Xlinker /Users/jiao/Library/Developer/Xcode/DerivedData/JJPlayer-bdaloyzxyncocyezvrmscshxyhrt/Build/Products/Debug-iphonesimulator/PackageFrameworks -Xlinker -rpath -Xlinker @executable_path/Frameworks -rdynamic -Xlinker -no_deduplicate -Xlinker -objc_abi_version -Xlinker 2 -Xlinker -debug_variant -e ___debug_blank_executor_main -Xlinker -sectcreate -Xlinker __TEXT -Xlinker __debug_dylib -Xlinker /Users/jiao/Library/Developer/Xcode/DerivedData/JJPlayer-bdaloyzxyncocyezvrmscshxyhrt/Build/Intermediates.noindex/JJPlayer.build/Debug-iphonesimulator/JJPlayer.build/JJPlayer-DebugDylibPath-normal-arm64.txt -Xlinker -sectcreate -Xlinker __TEXT -Xlinker __debug_instlnm -Xlinker /Users/jiao/Library/Developer/Xcode/DerivedData/JJPlayer-bdaloyzxyncocyezvrmscshxyhrt/Build/Intermediates.noindex/JJPlayer.build/Debug-iphonesimulator/JJPlayer.build/JJPlayer-DebugDylibInstallName-normal-arm64.txt -Xlinker -filelist -Xlinker /Users/jiao/Library/Developer/Xcode/DerivedData/JJPlayer-bdaloyzxyncocyezvrmscshxyhrt/Build/Intermediates.noindex/JJPlayer.build/Debug-iphonesimulator/JJPlayer.build/JJPlayer-ExecutorLinkFileList-normal-arm64.txt -Xlinker -sectcreate -Xlinker __TEXT -Xlinker __entitlements -Xlinker /Users/jiao/Library/Developer/Xcode/DerivedData/JJPlayer-bdaloyzxyncocyezvrmscshxyhrt/Build/Intermediates.noindex/JJPlayer.build/Debug-iphonesimulator/JJPlayer.build/JJPlayer.app-Simulated.xcent -Xlinker -sectcreate -Xlinker __TEXT -Xlinker __ents_der -Xlinker /Users/jiao/Library/Developer/Xcode/DerivedData/JJPlayer-bdaloyzxyncocyezvrmscshxyhrt/Build/Intermediates.noindex/JJPlayer.build/Debug-iphonesimulator/JJPlayer.build/JJPlayer.app-Simulated.xcent.der /Users/jiao/Library/Developer/Xcode/DerivedData/JJPlayer-bdaloyzxyncocyezvrmscshxyhrt/Build/Products/Debug-iphonesimulator/JJPlayer.app/JJPlayer.debug.dylib -Xlinker -no_adhoc_codesign -o /Users/jiao/Library/Developer/Xcode/DerivedData/JJPlayer-bdaloyzxyncocyezvrmscshxyhrt/Build/Products/Debug-iphonesimulator/JJPlayer.app/JJPlayer

PhaseScriptExecution SwiftLint /Users/jiao/Library/Developer/Xcode/DerivedData/JJPlayer-bdaloyzxyncocyezvrmscshxyhrt/Build/Intermediates.noindex/JJPlayer.build/Debug-iphonesimulator/JJPlayer.build/Script-0F69FAAF2FBDC4E2001D6CF9.sh (in target 'JJPlayer' from project 'JJPlayer')
    cd /Users/jiao/Desktop/Project/JJPlayer
    export ACTION\=build
    export AD_HOC_CODE_SIGNING_ALLOWED\=YES
    export AGGREGATE_TRACKED_DOMAINS\=YES
    export ALLOW_BUILD_REQUEST_OVERRIDES\=NO
    export ALLOW_TARGET_PLATFORM_SPECIALIZATION\=NO
    export ALTERNATE_GROUP\=staff
    export ALTERNATE_MODE\=u+w,go-w,a+rX
    export ALTERNATE_OWNER\=jiao
    export ALTERNATIVE_DISTRIBUTION_WEB\=NO
    export ALWAYS_EMBED_SWIFT_STANDARD_LIBRARIES\=NO
    export ALWAYS_SEARCH_USER_PATHS\=NO
    export ALWAYS_USE_SEPARATE_HEADERMAPS\=NO
    export ANDROID_DEPLOYMENT_TARGET\=21.0
    export APPLICATION_EXTENSION_API_ONLY\=NO
    export APPLY_RULES_IN_COPY_FILES\=NO
    export APPLY_RULES_IN_COPY_HEADERS\=NO
    export APP_SHORTCUTS_ENABLE_FLEXIBLE_MATCHING\=YES
    export ARCHS\=arm64
    export ARCHS_BASE\=arm64
    export ARCHS_STANDARD\=arm64\ x86_64
    export ARCHS_STANDARD_32_64_BIT\=arm64\ x86_64
    export ARCHS_STANDARD_64_BIT\=arm64\ x86_64
    export ARCHS_STANDARD_INCLUDING_64_BIT\=arm64\ x86_64
    export ARCHS_UNIVERSAL_IPHONE_OS\=arm64\ x86_64
    export ASSETCATALOG_COMPILER_APPICON_NAME\=AppIcon
    export ASSETCATALOG_COMPILER_GENERATE_SWIFT_ASSET_SYMBOL_EXTENSIONS\=YES
    export ASSETCATALOG_COMPILER_GLOBAL_ACCENT_COLOR_NAME\=AccentColor
    export ASSETCATALOG_FILTER_FOR_DEVICE_MODEL\=iPhone18,3
    export ASSETCATALOG_FILTER_FOR_DEVICE_OS_VERSION\=26.5
    export ASSETCATALOG_FILTER_FOR_THINNING_DEVICE_CONFIGURATION\=iPhone18,3
    export AUTOMATICALLY_MERGE_DEPENDENCIES\=NO
    export AUTOMATION_APPLE_EVENTS\=NO
    export AVAILABLE_PLATFORMS\=android\ appletvos\ appletvsimulator\ driverkit\ freebsd\ iphoneos\ iphonesimulator\ linux\ macosx\ none\ openbsd\ qnx\ watchos\ watchsimulator\ webassembly\ xros\ xrsimulator
    export AppIdentifierPrefix\=CFNBP9XPWJ.
    export BUILD_ACTIVE_RESOURCES_ONLY\=YES
    export BUILD_COMPONENTS\=headers\ build
    export BUILD_DIR\=/Users/jiao/Library/Developer/Xcode/DerivedData/JJPlayer-bdaloyzxyncocyezvrmscshxyhrt/Build/Products
    export BUILD_LIBRARY_FOR_DISTRIBUTION\=NO
    export BUILD_ONLY_KNOWN_LOCALIZATIONS\=NO
    export BUILD_ROOT\=/Users/jiao/Library/Developer/Xcode/DerivedData/JJPlayer-bdaloyzxyncocyezvrmscshxyhrt/Build/Products
    export BUILD_STYLE\=
    export BUILD_VARIANTS\=normal
    export BUILT_PRODUCTS_DIR\=/Users/jiao/Library/Developer/Xcode/DerivedData/JJPlayer-bdaloyzxyncocyezvrmscshxyhrt/Build/Products/Debug-iphonesimulator
    export BUNDLE_CONTENTS_FOLDER_PATH_deep\=Contents/
    export BUNDLE_EXECUTABLE_FOLDER_NAME_deep\=MacOS
    export BUNDLE_EXTENSIONS_FOLDER_PATH\=Extensions
    export BUNDLE_FORMAT\=shallow
    export BUNDLE_FRAMEWORKS_FOLDER_PATH\=Frameworks
    export BUNDLE_PLUGINS_FOLDER_PATH\=PlugIns
    export BUNDLE_PRIVATE_HEADERS_FOLDER_PATH\=PrivateHeaders
    export BUNDLE_PUBLIC_HEADERS_FOLDER_PATH\=Headers
    export CACHE_ROOT\=/var/folders/c2/mzz5j8kj3lz_y8f1qqyx2r000000gn/C/com.apple.DeveloperTools/26.5-17F42/Xcode
    export CCHROOT\=/var/folders/c2/mzz5j8kj3lz_y8f1qqyx2r000000gn/C/com.apple.DeveloperTools/26.5-17F42/Xcode
    export CHMOD\=/bin/chmod
    export CHOWN\=chown
    export CLANG_ANALYZER_NONNULL\=YES
    export CLANG_ANALYZER_NUMBER_OBJECT_CONVERSION\=YES_AGGRESSIVE
    export CLANG_CACHE_FINE_GRAINED_OUTPUTS\=YES
    export CLANG_COVERAGE_MAPPING\=YES
    export CLANG_CXX_LANGUAGE_STANDARD\=gnu++20
    export CLANG_ENABLE_EXPLICIT_MODULES\=YES
    export CLANG_ENABLE_MODULES\=YES
    export CLANG_ENABLE_OBJC_ARC\=YES
    export CLANG_ENABLE_OBJC_WEAK\=YES
    export CLANG_MODULES_BUILD_SESSION_FILE\=/Users/jiao/Library/Developer/Xcode/DerivedData/ModuleCache.noindex/Session.modulevalidation
    export CLANG_PROFILE_DATA_DIRECTORY\=/Users/jiao/Library/Developer/Xcode/DerivedData/JJPlayer-bdaloyzxyncocyezvrmscshxyhrt/Build/ProfileData
    export CLANG_WARN_BLOCK_CAPTURE_AUTORELEASING\=YES
    export CLANG_WARN_BOOL_CONVERSION\=YES
    export CLANG_WARN_COMMA\=YES
    export CLANG_WARN_CONSTANT_CONVERSION\=YES
    export CLANG_WARN_DEPRECATED_OBJC_IMPLEMENTATIONS\=YES
    export CLANG_WARN_DIRECT_OBJC_ISA_USAGE\=YES_ERROR
    export CLANG_WARN_DOCUMENTATION_COMMENTS\=YES
    export CLANG_WARN_EMPTY_BODY\=YES
    export CLANG_WARN_ENUM_CONVERSION\=YES
    export CLANG_WARN_INFINITE_RECURSION\=YES
    export CLANG_WARN_INT_CONVERSION\=YES
    export CLANG_WARN_NON_LITERAL_NULL_CONVERSION\=YES
    export CLANG_WARN_OBJC_IMPLICIT_RETAIN_SELF\=YES
    export CLANG_WARN_OBJC_LITERAL_CONVERSION\=YES
    export CLANG_WARN_OBJC_ROOT_CLASS\=YES_ERROR
    export CLANG_WARN_QUOTED_INCLUDE_IN_FRAMEWORK_HEADER\=YES
    export CLANG_WARN_RANGE_LOOP_ANALYSIS\=YES
    export CLANG_WARN_STRICT_PROTOTYPES\=YES
    export CLANG_WARN_SUSPICIOUS_MOVE\=YES
    export CLANG_WARN_UNGUARDED_AVAILABILITY\=YES_AGGRESSIVE
    export CLANG_WARN_UNREACHABLE_CODE\=YES
    export CLANG_WARN__DUPLICATE_METHOD_MATCH\=YES
    export CLASS_FILE_DIR\=/Users/jiao/Library/Developer/Xcode/DerivedData/JJPlayer-bdaloyzxyncocyezvrmscshxyhrt/Build/Intermediates.noindex/JJPlayer.build/Debug-iphonesimulator/JJPlayer.build/JavaClasses
    export CLEAN_PRECOMPS\=YES
    export CLONE_HEADERS\=NO
    export CODESIGNING_FOLDER_PATH\=/Users/jiao/Library/Developer/Xcode/DerivedData/JJPlayer-bdaloyzxyncocyezvrmscshxyhrt/Build/Products/Debug-iphonesimulator/JJPlayer.app
    export CODE_SIGNING_ALLOWED\=YES
    export CODE_SIGNING_REQUIRED\=YES
    export CODE_SIGN_CONTEXT_CLASS\=XCiPhoneSimulatorCodeSignContext
    export CODE_SIGN_IDENTITY\=-
    export CODE_SIGN_INJECT_BASE_ENTITLEMENTS\=YES
    export CODE_SIGN_STYLE\=Automatic
    export COLOR_DIAGNOSTICS\=NO
    export COMBINE_HIDPI_IMAGES\=NO
    export COMPILATION_CACHE_CAS_PATH\=/Users/jiao/Library/Developer/Xcode/DerivedData/CompilationCache.noindex
    export COMPILATION_CACHE_KEEP_CAS_DIRECTORY\=YES
    export COMPILER_INDEX_STORE_ENABLE\=Default
    export COMPOSITE_SDK_DIRS\=/Users/jiao/Library/Developer/Xcode/DerivedData/JJPlayer-bdaloyzxyncocyezvrmscshxyhrt/Build/Intermediates.noindex/CompositeSDKs
    export COMPRESS_PNG_FILES\=YES
    export CONFIGURATION\=Debug
    export CONFIGURATION_BUILD_DIR\=/Users/jiao/Library/Developer/Xcode/DerivedData/JJPlayer-bdaloyzxyncocyezvrmscshxyhrt/Build/Products/Debug-iphonesimulator
    export CONFIGURATION_TEMP_DIR\=/Users/jiao/Library/Developer/Xcode/DerivedData/JJPlayer-bdaloyzxyncocyezvrmscshxyhrt/Build/Intermediates.noindex/JJPlayer.build/Debug-iphonesimulator
    export CONTENTS_FOLDER_PATH\=JJPlayer.app
    export CONTENTS_FOLDER_PATH_SHALLOW_BUNDLE_NO\=JJPlayer.app/Contents
    export CONTENTS_FOLDER_PATH_SHALLOW_BUNDLE_YES\=JJPlayer.app
    export COPYING_PRESERVES_HFS_DATA\=NO
    export COPY_HEADERS_RUN_UNIFDEF\=NO
    export COPY_PHASE_STRIP\=NO
    export CORRESPONDING_DEVICE_PLATFORM_DIR\=/Applications/Xcode.app/Contents/Developer/Platforms/iPhoneOS.platform
    export CORRESPONDING_DEVICE_PLATFORM_NAME\=iphoneos
    export CORRESPONDING_DEVICE_SDK_DIR\=/Applications/Xcode.app/Contents/Developer/Platforms/iPhoneOS.platform/Developer/SDKs/iPhoneOS26.5.sdk
    export CORRESPONDING_DEVICE_SDK_NAME\=iphoneos26.5
    export CP\=/bin/cp
    export CREATE_INFOPLIST_SECTION_IN_BINARY\=NO
    export CURRENT_ARCH\=undefined_arch
    export CURRENT_PROJECT_VERSION\=1
    export CURRENT_VARIANT\=normal
    export DEAD_CODE_STRIPPING\=YES
    export DEBUGGING_SYMBOLS\=YES
    export DEBUG_INFORMATION_FORMAT\=dwarf
    export DEBUG_INFORMATION_VERSION\=compiler-default
    export DEFAULT_COMPILER\=com.apple.compilers.llvm.clang.1_0
    export DEFAULT_DEXT_INSTALL_PATH\=/System/Library/DriverExtensions
    export DEFAULT_KEXT_INSTALL_PATH\=/System/Library/Extensions
    export DEFINES_MODULE\=NO
    export DEPLOYMENT_LOCATION\=NO
    export DEPLOYMENT_POSTPROCESSING\=NO
    export DEPLOYMENT_TARGET_SETTING_NAME\=IPHONEOS_DEPLOYMENT_TARGET
    export DEPLOYMENT_TARGET_SUGGESTED_VALUES\=12.0\ 12.1\ 12.2\ 12.3\ 12.4\ 13.0\ 13.1\ 13.2\ 13.3\ 13.4\ 13.5\ 13.6\ 14.0\ 14.1\ 14.2\ 14.3\ 14.4\ 14.5\ 14.6\ 14.7\ 15.0\ 15.1\ 15.2\ 15.3\ 15.4\ 15.5\ 15.6\ 16.0\ 16.1\ 16.2\ 16.3\ 16.4\ 16.5\ 16.6\ 17.0\ 17.1\ 17.2\ 17.3\ 17.4\ 17.5\ 17.6\ 18.0\ 18.1\ 18.2\ 18.3\ 18.4\ 18.5\ 18.6\ 26.0\ 26.2\ 26.3\ 26.4\ 26.5
    export DERIVED_FILES_DIR\=/Users/jiao/Library/Developer/Xcode/DerivedData/JJPlayer-bdaloyzxyncocyezvrmscshxyhrt/Build/Intermediates.noindex/JJPlayer.build/Debug-iphonesimulator/JJPlayer.build/DerivedSources
    export DERIVED_FILE_DIR\=/Users/jiao/Library/Developer/Xcode/DerivedData/JJPlayer-bdaloyzxyncocyezvrmscshxyhrt/Build/Intermediates.noindex/JJPlayer.build/Debug-iphonesimulator/JJPlayer.build/DerivedSources
    export DERIVED_SOURCES_DIR\=/Users/jiao/Library/Developer/Xcode/DerivedData/JJPlayer-bdaloyzxyncocyezvrmscshxyhrt/Build/Intermediates.noindex/JJPlayer.build/Debug-iphonesimulator/JJPlayer.build/DerivedSources
    export DEVELOPER_APPLICATIONS_DIR\=/Applications/Xcode.app/Contents/Developer/Applications
    export DEVELOPER_BIN_DIR\=/Applications/Xcode.app/Contents/Developer/usr/bin
    export DEVELOPER_DIR\=/Applications/Xcode.app/Contents/Developer
    export DEVELOPER_FRAMEWORKS_DIR\=/Applications/Xcode.app/Contents/Developer/Library/Frameworks
    export DEVELOPER_FRAMEWORKS_DIR_QUOTED\=/Applications/Xcode.app/Contents/Developer/Library/Frameworks
    export DEVELOPER_LIBRARY_DIR\=/Applications/Xcode.app/Contents/Developer/Library
    export DEVELOPER_SDK_DIR\=/Applications/Xcode.app/Contents/Developer/Platforms/MacOSX.platform/Developer/SDKs
    export DEVELOPER_TOOLS_DIR\=/Applications/Xcode.app/Contents/Developer/Tools
    export DEVELOPER_USR_DIR\=/Applications/Xcode.app/Contents/Developer/usr
    export DEVELOPMENT_LANGUAGE\=en
    export DEVELOPMENT_TEAM\=CFNBP9XPWJ
    export DIAGNOSE_MISSING_TARGET_DEPENDENCIES\=YES
    export DIFF\=/usr/bin/diff
    export DOCUMENTATION_FOLDER_PATH\=JJPlayer.app/en.lproj/Documentation
    export DONT_GENERATE_INFOPLIST_FILE\=NO
    export DSTROOT\=/tmp/JJPlayer.dst
    export DT_TOOLCHAIN_DIR\=/Applications/Xcode.app/Contents/Developer/Toolchains/XcodeDefault.xctoolchain
    export DUMP_DEPENDENCIES\=NO
    export DUMP_DEPENDENCIES_OUTPUT_PATH\=/Users/jiao/Library/Developer/Xcode/DerivedData/JJPlayer-bdaloyzxyncocyezvrmscshxyhrt/Build/Intermediates.noindex/JJPlayer.build/Debug-iphonesimulator/JJPlayer.build/JJPlayer-BuildDependencyInfo.json
    export DWARF_DSYM_FILE_NAME\=JJPlayer.app.dSYM
    export DWARF_DSYM_FILE_SHOULD_ACCOMPANY_PRODUCT\=NO
    export DWARF_DSYM_FOLDER_PATH\=/Users/jiao/Library/Developer/Xcode/DerivedData/JJPlayer-bdaloyzxyncocyezvrmscshxyhrt/Build/Products/Debug-iphonesimulator
    export DYNAMIC_LIBRARY_EXTENSION\=dylib
    export EAGER_COMPILATION_ALLOW_SCRIPTS\=NO
    export EAGER_LINKING\=NO
    export EFFECTIVE_PLATFORM_NAME\=-iphonesimulator
    export EFFECTIVE_SWIFT_VERSION\=5
    export EMBEDDED_CONTENT_CONTAINS_SWIFT\=NO
    export EMBED_ASSET_PACKS_IN_PRODUCT_BUNDLE\=NO
    export ENABLE_APP_SANDBOX\=NO
    export ENABLE_CODE_COVERAGE\=YES
    export ENABLE_COHORT_ARCHS\=NO
    export ENABLE_CPLUSPLUS_BOUNDS_SAFE_BUFFERS\=NO
    export ENABLE_C_BOUNDS_SAFETY\=NO
    export ENABLE_DEBUG_DYLIB\=YES
    export ENABLE_DEFAULT_HEADER_SEARCH_PATHS\=YES
    export ENABLE_DEFAULT_SEARCH_PATHS\=YES
    export ENABLE_ENHANCED_SECURITY\=NO
    export ENABLE_HARDENED_RUNTIME\=NO
    export ENABLE_HEADER_DEPENDENCIES\=YES
    export ENABLE_INCOMING_NETWORK_CONNECTIONS\=NO
    export ENABLE_ON_DEMAND_RESOURCES\=YES
    export ENABLE_OUTGOING_NETWORK_CONNECTIONS\=NO
    export ENABLE_POINTER_AUTHENTICATION\=NO
    export ENABLE_PREVIEWS\=NO
    export ENABLE_RESOURCE_ACCESS_AUDIO_INPUT\=NO
    export ENABLE_RESOURCE_ACCESS_BLUETOOTH\=NO
    export ENABLE_RESOURCE_ACCESS_CALENDARS\=NO
    export ENABLE_RESOURCE_ACCESS_CAMERA\=NO
    export ENABLE_RESOURCE_ACCESS_CONTACTS\=NO
    export ENABLE_RESOURCE_ACCESS_LOCATION\=NO
    export ENABLE_RESOURCE_ACCESS_PHOTO_LIBRARY\=NO
    export ENABLE_RESOURCE_ACCESS_PRINTING\=NO
    export ENABLE_RESOURCE_ACCESS_USB\=NO
    export ENABLE_SDK_IMPORTS\=NO
    export ENABLE_SECURITY_COMPILER_WARNINGS\=NO
    export ENABLE_STRICT_OBJC_MSGSEND\=YES
    export ENABLE_TESTABILITY\=YES
    export ENABLE_TESTING_SEARCH_PATHS\=NO
    export ENABLE_USER_SCRIPT_SANDBOXING\=NO
    export ENABLE_XOJIT_PREVIEWS\=YES
    export ENFORCE_VALID_ARCHS\=YES
    export ENTITLEMENTS_ALLOWED\=NO
    export ENTITLEMENTS_DESTINATION\=__entitlements
    export ENTITLEMENTS_REQUIRED\=NO
    export EXCLUDED_ARCHS\=x86_64
    export EXCLUDED_INSTALLSRC_SUBDIRECTORY_PATTERNS\=.DS_Store\ .svn\ .git\ .hg\ CVS
    export EXCLUDED_RECURSIVE_SEARCH_PATH_SUBDIRECTORIES\=\*.nib\ \*.lproj\ \*.framework\ \*.gch\ \*.xcode\*\ \*.xcassets\ \*.icon\ \(\*\)\ .DS_Store\ CVS\ .svn\ .git\ .hg\ \*.pbproj\ \*.pbxproj
    export EXECUTABLES_FOLDER_PATH\=JJPlayer.app/Executables
    export EXECUTABLE_BLANK_INJECTION_DYLIB_PATH\=JJPlayer.app/__preview.dylib
    export EXECUTABLE_DEBUG_DYLIB_INSTALL_NAME\=@rpath/JJPlayer.debug.dylib
    export EXECUTABLE_DEBUG_DYLIB_PATH\=JJPlayer.app/JJPlayer.debug.dylib
    export EXECUTABLE_FOLDER_PATH\=JJPlayer.app
    export EXECUTABLE_FOLDER_PATH_SHALLOW_BUNDLE_NO\=JJPlayer.app/MacOS
    export EXECUTABLE_FOLDER_PATH_SHALLOW_BUNDLE_YES\=JJPlayer.app
    export EXECUTABLE_NAME\=JJPlayer
    export EXECUTABLE_PATH\=JJPlayer.app/JJPlayer
    export EXPANDED_CODE_SIGN_IDENTITY\=-
    export EXPANDED_CODE_SIGN_IDENTITY_NAME\=Sign\ to\ Run\ Locally
    export EXTENSIONS_FOLDER_PATH\=JJPlayer.app/Extensions
    export FILE_LIST\=/Users/jiao/Library/Developer/Xcode/DerivedData/JJPlayer-bdaloyzxyncocyezvrmscshxyhrt/Build/Intermediates.noindex/JJPlayer.build/Debug-iphonesimulator/JJPlayer.build/Objects/LinkFileList
    export FIXED_FILES_DIR\=/Users/jiao/Library/Developer/Xcode/DerivedData/JJPlayer-bdaloyzxyncocyezvrmscshxyhrt/Build/Intermediates.noindex/JJPlayer.build/Debug-iphonesimulator/JJPlayer.build/FixedFiles
    export FRAMEWORKS_FOLDER_PATH\=JJPlayer.app/Frameworks
    export FRAMEWORK_FLAG_PREFIX\=-framework
    export FRAMEWORK_SEARCH_PATHS\=/Users/jiao/Library/Developer/Xcode/DerivedData/JJPlayer-bdaloyzxyncocyezvrmscshxyhrt/Build/Products/Debug-iphonesimulator/PackageFrameworks\ /Users/jiao/Library/Developer/Xcode/DerivedData/JJPlayer-bdaloyzxyncocyezvrmscshxyhrt/Build/Products/Debug-iphonesimulator/PackageFrameworks\ /Users/jiao/Library/Developer/Xcode/DerivedData/JJPlayer-bdaloyzxyncocyezvrmscshxyhrt/Build/Products/Debug-iphonesimulator\ 
    export FRAMEWORK_VERSION\=A
    export FULL_PRODUCT_NAME\=JJPlayer.app
    export FUSE_BUILD_PHASES\=YES
    export FUSE_BUILD_SCRIPT_PHASES\=NO
    export GCC3_VERSION\=3.3
    export GCC_C_LANGUAGE_STANDARD\=gnu17
    export GCC_DYNAMIC_NO_PIC\=NO
    export GCC_INLINES_ARE_PRIVATE_EXTERN\=YES
    export GCC_NO_COMMON_BLOCKS\=YES
    export GCC_OBJC_LEGACY_DISPATCH\=YES
    export GCC_OPTIMIZATION_LEVEL\=0
    export GCC_PFE_FILE_C_DIALECTS\=c\ objective-c\ c++\ objective-c++
    export GCC_PREPROCESSOR_DEFINITIONS\=DEBUG\=1\ 
    export GCC_SYMBOLS_PRIVATE_EXTERN\=NO
    export GCC_TREAT_WARNINGS_AS_ERRORS\=NO
    export GCC_VERSION\=com.apple.compilers.llvm.clang.1_0
    export GCC_VERSION_IDENTIFIER\=com_apple_compilers_llvm_clang_1_0
    export GCC_WARN_64_TO_32_BIT_CONVERSION\=YES
    export GCC_WARN_ABOUT_RETURN_TYPE\=YES_ERROR
    export GCC_WARN_UNDECLARED_SELECTOR\=YES
    export GCC_WARN_UNINITIALIZED_AUTOS\=YES_AGGRESSIVE
    export GCC_WARN_UNUSED_FUNCTION\=YES
    export GCC_WARN_UNUSED_VARIABLE\=YES
    export GENERATED_MODULEMAP_DIR\=/Users/jiao/Library/Developer/Xcode/DerivedData/JJPlayer-bdaloyzxyncocyezvrmscshxyhrt/Build/Intermediates.noindex/GeneratedModuleMaps-iphonesimulator
    export GENERATE_INFOPLIST_FILE\=YES
    export GENERATE_INTERMEDIATE_TEXT_BASED_STUBS\=YES
    export GENERATE_PKGINFO_FILE\=YES
    export GENERATE_PRELINK_OBJECT_FILE\=NO
    export GENERATE_PROFILING_CODE\=NO
    export GENERATE_TEXT_BASED_STUBS\=NO
    export GID\=20
    export GROUP\=staff
    export HEADERMAP_INCLUDES_FLAT_ENTRIES_FOR_TARGET_BEING_BUILT\=YES
    export HEADERMAP_INCLUDES_FRAMEWORK_ENTRIES_FOR_ALL_PRODUCT_TYPES\=YES
    export HEADERMAP_INCLUDES_FRAMEWORK_ENTRIES_FOR_TARGETS_NOT_BEING_BUILT\=YES
    export HEADERMAP_INCLUDES_NONPUBLIC_NONPRIVATE_HEADERS\=YES
    export HEADERMAP_INCLUDES_PROJECT_HEADERS\=YES
    export HEADERMAP_USES_FRAMEWORK_PREFIX_ENTRIES\=YES
    export HEADERMAP_USES_VFS\=NO
    export HEADER_SEARCH_PATHS\=/Users/jiao/Desktop/Project/JJPlayer/JJPlayerKit/Sources/JJFFmpegCore/include\ /Users/jiao/Library/Developer/Xcode/DerivedData/JJPlayer-bdaloyzxyncocyezvrmscshxyhrt/Build/Products/Debug-iphonesimulator/include\ 
    export HOME\=/Users/jiao
    export HOST_ARCH\=arm64
    export HOST_PLATFORM\=macosx
    export ICONV\=/usr/bin/iconv
    export IMPLICIT_DEPENDENCY_DOMAIN\=default
    export INDEX_STORE_COMPRESS\=NO
    export INDEX_STORE_ONLY_PROJECT_FILES\=NO
    export INFOPLIST_ENABLE_CFBUNDLEICONS_MERGE\=YES
    export INFOPLIST_EXPAND_BUILD_SETTINGS\=YES
    export INFOPLIST_KEY_UIApplicationSceneManifest_Generation\=YES
    export INFOPLIST_KEY_UIApplicationSupportsIndirectInputEvents\=YES
    export INFOPLIST_KEY_UILaunchScreen_Generation\=YES
    export INFOPLIST_KEY_UISupportedInterfaceOrientations_iPad\=UIInterfaceOrientationPortrait\ UIInterfaceOrientationPortraitUpsideDown\ UIInterfaceOrientationLandscapeLeft\ UIInterfaceOrientationLandscapeRight
    export INFOPLIST_KEY_UISupportedInterfaceOrientations_iPhone\=UIInterfaceOrientationPortrait\ UIInterfaceOrientationLandscapeLeft\ UIInterfaceOrientationLandscapeRight
    export INFOPLIST_OUTPUT_FORMAT\=binary
    export INFOPLIST_PATH\=JJPlayer.app/Info.plist
    export INFOPLIST_PREPROCESS\=NO
    export INFOSTRINGS_PATH\=JJPlayer.app/en.lproj/InfoPlist.strings
    export INLINE_PRIVATE_FRAMEWORKS\=NO
    export INSTALLAPI_IGNORE_SKIP_INSTALL\=YES
    export INSTALLHDRS_COPY_PHASE\=NO
    export INSTALLHDRS_SCRIPT_PHASE\=NO
    export INSTALL_DIR\=/tmp/JJPlayer.dst/Applications
    export INSTALL_GROUP\=staff
    export INSTALL_MODE_FLAG\=u+w,go-w,a+rX
    export INSTALL_OWNER\=jiao
    export INSTALL_PATH\=/Applications
    export INSTALL_ROOT\=/tmp/JJPlayer.dst
    export IPHONEOS_DEPLOYMENT_TARGET\=17
    export IS_UNOPTIMIZED_BUILD\=YES
    export JAVAC_DEFAULT_FLAGS\=-J-Xms64m\ -J-XX:NewSize\=4M\ -J-Dfile.encoding\=UTF8
    export JAVA_APP_STUB\=/System/Library/Frameworks/JavaVM.framework/Resources/MacOS/JavaApplicationStub
    export JAVA_ARCHIVE_CLASSES\=YES
    export JAVA_ARCHIVE_TYPE\=JAR
    export JAVA_COMPILER\=/usr/bin/javac
    export JAVA_FOLDER_PATH\=JJPlayer.app/Java
    export JAVA_FRAMEWORK_RESOURCES_DIRS\=Resources
    export JAVA_JAR_FLAGS\=cv
    export JAVA_SOURCE_SUBDIR\=.
    export JAVA_USE_DEPENDENCIES\=YES
    export JAVA_ZIP_FLAGS\=-urg
    export JIKES_DEFAULT_FLAGS\=+E\ +OLDCSO
    export KEEP_PRIVATE_EXTERNS\=NO
    export LD_DEPENDENCY_INFO_FILE\=/Users/jiao/Library/Developer/Xcode/DerivedData/JJPlayer-bdaloyzxyncocyezvrmscshxyhrt/Build/Intermediates.noindex/JJPlayer.build/Debug-iphonesimulator/JJPlayer.build/Objects-normal/undefined_arch/JJPlayer_dependency_info.dat
    export LD_ENTITLEMENTS_SECTION\=/Users/jiao/Library/Developer/Xcode/DerivedData/JJPlayer-bdaloyzxyncocyezvrmscshxyhrt/Build/Intermediates.noindex/JJPlayer.build/Debug-iphonesimulator/JJPlayer.build/JJPlayer.app-Simulated.xcent
    export LD_ENTITLEMENTS_SECTION_DER\=/Users/jiao/Library/Developer/Xcode/DerivedData/JJPlayer-bdaloyzxyncocyezvrmscshxyhrt/Build/Intermediates.noindex/JJPlayer.build/Debug-iphonesimulator/JJPlayer.build/JJPlayer.app-Simulated.xcent.der
    export LD_EXPORT_SYMBOLS\=YES
    export LD_GENERATE_MAP_FILE\=NO
    export LD_MAP_FILE_PATH\=/Users/jiao/Library/Developer/Xcode/DerivedData/JJPlayer-bdaloyzxyncocyezvrmscshxyhrt/Build/Intermediates.noindex/JJPlayer.build/Debug-iphonesimulator/JJPlayer.build/JJPlayer-LinkMap-normal-undefined_arch.txt
    export LD_NO_PIE\=NO
    export LD_QUOTE_LINKER_ARGUMENTS_FOR_COMPILER_DRIVER\=YES
    export LD_RUNPATH_SEARCH_PATHS\=/Users/jiao/Library/Developer/Xcode/DerivedData/JJPlayer-bdaloyzxyncocyezvrmscshxyhrt/Build/Products/Debug-iphonesimulator/PackageFrameworks\ /Users/jiao/Library/Developer/Xcode/DerivedData/JJPlayer-bdaloyzxyncocyezvrmscshxyhrt/Build/Products/Debug-iphonesimulator/PackageFrameworks\ \ @executable_path/Frameworks
    export LD_RUNPATH_SEARCH_PATHS_YES\=@loader_path/../Frameworks
    export LD_SHARED_CACHE_ELIGIBLE\=Automatic
    export LD_WARN_DUPLICATE_LIBRARIES\=NO
    export LD_WARN_UNUSED_DYLIBS\=NO
    export LEGACY_DEVELOPER_DIR\=/Applications/Xcode.app/Contents/PlugIns/Xcode3Core.ideplugin/Contents/SharedSupport/Developer
    export LEX\=lex
    export LIBRARY_DEXT_INSTALL_PATH\=/Library/DriverExtensions
    export LIBRARY_FLAG_NOSPACE\=YES
    export LIBRARY_FLAG_PREFIX\=-l
    export LIBRARY_KEXT_INSTALL_PATH\=/Library/Extensions
    export LIBRARY_SEARCH_PATHS\=/Users/jiao/Library/Developer/Xcode/DerivedData/JJPlayer-bdaloyzxyncocyezvrmscshxyhrt/Build/Products/Debug-iphonesimulator\ 
    export LINKER_DISPLAYS_MANGLED_NAMES\=NO
    export LINK_FILE_LIST_normal_arm64\=/Users/jiao/Library/Developer/Xcode/DerivedData/JJPlayer-bdaloyzxyncocyezvrmscshxyhrt/Build/Intermediates.noindex/JJPlayer.build/Debug-iphonesimulator/JJPlayer.build/Objects-normal/arm64/JJPlayer.LinkFileList
    export LINK_OBJC_RUNTIME\=YES
    export LINK_WITH_STANDARD_LIBRARIES\=YES
    export LLVM_TARGET_TRIPLE_OS_VERSION\=ios17
    export LLVM_TARGET_TRIPLE_SUFFIX\=-simulator
    export LLVM_TARGET_TRIPLE_VENDOR\=apple
    export LM_AUX_CONST_METADATA_LIST_PATH_normal_arm64\=/Users/jiao/Library/Developer/Xcode/DerivedData/JJPlayer-bdaloyzxyncocyezvrmscshxyhrt/Build/Intermediates.noindex/JJPlayer.build/Debug-iphonesimulator/JJPlayer.build/Objects-normal/arm64/JJPlayer.SwiftConstValuesFileList
    export LOCALIZATION_EXPORT_SUPPORTED\=YES
    export LOCALIZATION_PREFERS_STRING_CATALOGS\=YES
    export LOCALIZED_RESOURCES_FOLDER_PATH\=JJPlayer.app/en.lproj
    export LOCALIZED_STRING_CODE_COMMENTS\=NO
    export LOCALIZED_STRING_MACRO_NAMES\=NSLocalizedString\ CFCopyLocalizedString
    export LOCALIZED_STRING_SWIFTUI_SUPPORT\=YES
    export LOCAL_ADMIN_APPS_DIR\=/Applications/Utilities
    export LOCAL_APPS_DIR\=/Applications
    export LOCAL_DEVELOPER_DIR\=/Library/Developer
    export LOCAL_LIBRARY_DIR\=/Library
    export LOCROOT\=/Users/jiao/Desktop/Project/JJPlayer
    export LOCSYMROOT\=/Users/jiao/Desktop/Project/JJPlayer
    export MACH_O_TYPE\=mh_execute
    export MAC_OS_X_PRODUCT_BUILD_VERSION\=25F71
    export MAC_OS_X_VERSION_ACTUAL\=260500
    export MAC_OS_X_VERSION_MAJOR\=260000
    export MAC_OS_X_VERSION_MINOR\=260500
    export MAKE_MERGEABLE\=NO
    export MARKETING_VERSION\=1.0
    export MERGEABLE_LIBRARY\=NO
    export MERGED_BINARY_TYPE\=none
    export MERGE_LINKED_LIBRARIES\=NO
    export METAL_LIBRARY_FILE_BASE\=default
    export METAL_LIBRARY_OUTPUT_DIR\=/Users/jiao/Library/Developer/Xcode/DerivedData/JJPlayer-bdaloyzxyncocyezvrmscshxyhrt/Build/Products/Debug-iphonesimulator/JJPlayer.app
    export MODULES_FOLDER_PATH\=JJPlayer.app/Modules
    export MODULE_CACHE_DIR\=/Users/jiao/Library/Developer/Xcode/DerivedData/ModuleCache.noindex
    export MTL_ENABLE_DEBUG_INFO\=INCLUDE_SOURCE
    export MTL_FAST_MATH\=YES
    export NATIVE_ARCH\=arm64
    export NATIVE_ARCH_32_BIT\=arm
    export NATIVE_ARCH_64_BIT\=arm64
    export NATIVE_ARCH_ACTUAL\=arm64
    export NO_COMMON\=YES
    export OBJC_ABI_VERSION\=2
    export OBJECT_FILE_DIR\=/Users/jiao/Library/Developer/Xcode/DerivedData/JJPlayer-bdaloyzxyncocyezvrmscshxyhrt/Build/Intermediates.noindex/JJPlayer.build/Debug-iphonesimulator/JJPlayer.build/Objects
    export OBJECT_FILE_DIR_normal\=/Users/jiao/Library/Developer/Xcode/DerivedData/JJPlayer-bdaloyzxyncocyezvrmscshxyhrt/Build/Intermediates.noindex/JJPlayer.build/Debug-iphonesimulator/JJPlayer.build/Objects-normal
    export OBJROOT\=/Users/jiao/Library/Developer/Xcode/DerivedData/JJPlayer-bdaloyzxyncocyezvrmscshxyhrt/Build/Intermediates.noindex
    export ONLY_ACTIVE_ARCH\=YES
    export OS\=MACOS
    export OSAC\=/usr/bin/osacompile
    export OTHER_CFLAGS\=-fmodule-map-file\=/Users/jiao/Library/Developer/Xcode/DerivedData/JJPlayer-bdaloyzxyncocyezvrmscshxyhrt/Build/Intermediates.noindex/GeneratedModuleMaps-iphonesimulator/JJFFmpegCore.modulemap\ -fmodule-map-file\=/Users/jiao/Library/Developer/Xcode/DerivedData/JJPlayer-bdaloyzxyncocyezvrmscshxyhrt/Build/Intermediates.noindex/GeneratedModuleMaps-iphonesimulator/JJPlayerKit.modulemap\ 
    export OTHER_CPLUSPLUSFLAGS\=-fmodule-map-file\=/Users/jiao/Library/Developer/Xcode/DerivedData/JJPlayer-bdaloyzxyncocyezvrmscshxyhrt/Build/Intermediates.noindex/GeneratedModuleMaps-iphonesimulator/JJFFmpegCore.modulemap\ -fmodule-map-file\=/Users/jiao/Library/Developer/Xcode/DerivedData/JJPlayer-bdaloyzxyncocyezvrmscshxyhrt/Build/Intermediates.noindex/GeneratedModuleMaps-iphonesimulator/JJPlayerKit.modulemap\ 
    export OTHER_LDFLAGS\=-Wl,-no_warn_duplicate_libraries\ -Wl,-no_warn_duplicate_libraries\ 
    export OTHER_SWIFT_FLAGS\=-Xcc\ -fmodule-map-file\=/Users/jiao/Library/Developer/Xcode/DerivedData/JJPlayer-bdaloyzxyncocyezvrmscshxyhrt/Build/Intermediates.noindex/GeneratedModuleMaps-iphonesimulator/JJFFmpegCore.modulemap\ 
    export PACKAGE_TYPE\=com.apple.package-type.wrapper.application
    export PASCAL_STRINGS\=YES
    export PATH\=/Applications/Xcode.app/Contents/SharedFrameworks/SwiftBuild.framework/Versions/A/PlugIns/SWBBuildService.bundle/Contents/PlugIns/SWBUniversalPlatformPlugin.bundle/Contents/Frameworks/SWBUniversalPlatform.framework/Resources:/Applications/Xcode.app/Contents/Developer/Toolchains/XcodeDefault.xctoolchain/usr/bin:/Applications/Xcode.app/Contents/Developer/Toolchains/XcodeDefault.xctoolchain/usr/local/bin:/Applications/Xcode.app/Contents/Developer/Toolchains/XcodeDefault.xctoolchain/usr/libexec:/Applications/Xcode.app/Contents/Developer/Platforms/iPhoneSimulator.platform/usr/bin:/Applications/Xcode.app/Contents/Developer/Platforms/iPhoneSimulator.platform/usr/local/bin:/Applications/Xcode.app/Contents/Developer/Platforms/iPhoneSimulator.platform/Developer/usr/bin:/Applications/Xcode.app/Contents/Developer/Platforms/iPhoneSimulator.platform/Developer/usr/local/bin:/Applications/Xcode.app/Contents/Developer/usr/bin:/Applications/Xcode.app/Contents/Developer/usr/local/bin:/Users/jiao/.gemini/antigravity/bin:/Users/jiao/Library/Application\ Support/Antigravity/bin:/Users/jiao/.antigravity-ide/antigravity-ide/bin:/Users/jiao/.antigravity/antigravity/bin:/Users/jiao/command-line-tools/bin:/Users/jiao/.gem/ruby/3.2.0/bin:/Users/jiao/.rbenv/shims:/Users/jiao/.nvm/versions/node/v24.12.0/bin:/opt/homebrew/bin:/opt/homebrew/sbin:/usr/local/bin:/System/Cryptexes/App/usr/bin:/usr/bin:/bin:/usr/sbin:/sbin:/var/run/com.apple.security.cryptexd/codex.system/bootstrap/usr/local/bin:/var/run/com.apple.security.cryptexd/codex.system/bootstrap/usr/bin:/var/run/com.apple.security.cryptexd/codex.system/bootstrap/usr/appleinternal/bin:/pkg/env/global/bin:/Library/Apple/usr/bin:/Users/jiao/Library/Android/sdk/emulator:/Users/jiao/Library/Android/sdk/platform-tools
    export PATH_PREFIXES_EXCLUDED_FROM_HEADER_DEPENDENCIES\=/usr/include\ /usr/local/include\ /System/Library/Frameworks\ /System/Library/PrivateFrameworks\ /Applications/Xcode.app/Contents/Developer/Headers\ /Applications/Xcode.app/Contents/Developer/SDKs\ /Applications/Xcode.app/Contents/Developer/Platforms
    export PBDEVELOPMENTPLIST_PATH\=JJPlayer.app/pbdevelopment.plist
    export PER_ARCH_MODULE_FILE_DIR\=/Users/jiao/Library/Developer/Xcode/DerivedData/JJPlayer-bdaloyzxyncocyezvrmscshxyhrt/Build/Intermediates.noindex/JJPlayer.build/Debug-iphonesimulator/JJPlayer.build/Objects-normal/undefined_arch
    export PER_ARCH_OBJECT_FILE_DIR\=/Users/jiao/Library/Developer/Xcode/DerivedData/JJPlayer-bdaloyzxyncocyezvrmscshxyhrt/Build/Intermediates.noindex/JJPlayer.build/Debug-iphonesimulator/JJPlayer.build/Objects-normal/undefined_arch
    export PER_VARIANT_OBJECT_FILE_DIR\=/Users/jiao/Library/Developer/Xcode/DerivedData/JJPlayer-bdaloyzxyncocyezvrmscshxyhrt/Build/Intermediates.noindex/JJPlayer.build/Debug-iphonesimulator/JJPlayer.build/Objects-normal
    export PKGINFO_FILE_PATH\=/Users/jiao/Library/Developer/Xcode/DerivedData/JJPlayer-bdaloyzxyncocyezvrmscshxyhrt/Build/Intermediates.noindex/JJPlayer.build/Debug-iphonesimulator/JJPlayer.build/PkgInfo
    export PKGINFO_PATH\=JJPlayer.app/PkgInfo
    export PLATFORM_DEVELOPER_APPLICATIONS_DIR\=/Applications/Xcode.app/Contents/Developer/Platforms/iPhoneSimulator.platform/Developer/Applications
    export PLATFORM_DEVELOPER_BIN_DIR\=/Applications/Xcode.app/Contents/Developer/Platforms/iPhoneSimulator.platform/Developer/usr/bin
    export PLATFORM_DEVELOPER_LIBRARY_DIR\=/Applications/Xcode.app/Contents/Developer/Platforms/iPhoneSimulator.platform/Developer/Library
    export PLATFORM_DEVELOPER_SDK_DIR\=/Applications/Xcode.app/Contents/Developer/Platforms/iPhoneSimulator.platform/Developer/SDKs
    export PLATFORM_DEVELOPER_TOOLS_DIR\=/Applications/Xcode.app/Contents/Developer/Platforms/iPhoneSimulator.platform/Developer/Tools
    export PLATFORM_DEVELOPER_USR_DIR\=/Applications/Xcode.app/Contents/Developer/Platforms/iPhoneSimulator.platform/Developer/usr
    export PLATFORM_DIR\=/Applications/Xcode.app/Contents/Developer/Platforms/iPhoneSimulator.platform
    export PLATFORM_DISPLAY_NAME\=iOS\ Simulator
    export PLATFORM_FAMILY_NAME\=iOS
    export PLATFORM_NAME\=iphonesimulator
    export PLATFORM_PREFERRED_ARCH\=x86_64
    export PLATFORM_PRODUCT_BUILD_VERSION\=23F73
    export PLATFORM_REQUIRES_SWIFT_AUTOLINK_EXTRACT\=NO
    export PLATFORM_REQUIRES_SWIFT_MODULEWRAP\=NO
    export PLATFORM_USES_DSYMS\=YES
    export PLIST_FILE_OUTPUT_FORMAT\=binary
    export PLUGINS_FOLDER_PATH\=JJPlayer.app/PlugIns
    export PRECOMPS_INCLUDE_HEADERS_FROM_BUILT_PRODUCTS_DIR\=YES
    export PRECOMP_DESTINATION_DIR\=/Users/jiao/Library/Developer/Xcode/DerivedData/JJPlayer-bdaloyzxyncocyezvrmscshxyhrt/Build/Intermediates.noindex/JJPlayer.build/Debug-iphonesimulator/JJPlayer.build/PrefixHeaders
    export PRIVATE_HEADERS_FOLDER_PATH\=JJPlayer.app/PrivateHeaders
    export PROCESSED_INFOPLIST_PATH\=/Users/jiao/Library/Developer/Xcode/DerivedData/JJPlayer-bdaloyzxyncocyezvrmscshxyhrt/Build/Intermediates.noindex/JJPlayer.build/Debug-iphonesimulator/JJPlayer.build/Objects-normal/undefined_arch/Processed-Info.plist
    export PRODUCT_BUNDLE_IDENTIFIER\=cc.dogegg.JJPlayer
    export PRODUCT_BUNDLE_PACKAGE_TYPE\=APPL
    export PRODUCT_MODULE_NAME\=JJPlayer
    export PRODUCT_NAME\=JJPlayer
    export PRODUCT_SETTINGS_PATH\=
    export PRODUCT_TYPE\=com.apple.product-type.application
    export PROFILING_CODE\=NO
    export PROJECT\=JJPlayer
    export PROJECT_DERIVED_FILE_DIR\=/Users/jiao/Library/Developer/Xcode/DerivedData/JJPlayer-bdaloyzxyncocyezvrmscshxyhrt/Build/Intermediates.noindex/JJPlayer.build/DerivedSources
    export PROJECT_DIR\=/Users/jiao/Desktop/Project/JJPlayer
    export PROJECT_FILE_PATH\=/Users/jiao/Desktop/Project/JJPlayer/JJPlayer.xcodeproj
    export PROJECT_GUID\=7ff9f346efaf374faf66417ba0bdf01f
    export PROJECT_NAME\=JJPlayer
    export PROJECT_TEMP_DIR\=/Users/jiao/Library/Developer/Xcode/DerivedData/JJPlayer-bdaloyzxyncocyezvrmscshxyhrt/Build/Intermediates.noindex/JJPlayer.build
    export PROJECT_TEMP_ROOT\=/Users/jiao/Library/Developer/Xcode/DerivedData/JJPlayer-bdaloyzxyncocyezvrmscshxyhrt/Build/Intermediates.noindex
    export PROVISIONING_PROFILE_REQUIRED\=NO
    export PROVISIONING_PROFILE_REQUIRED_YES_YES\=YES
    export PROVISIONING_PROFILE_SUPPORTED\=YES
    export PUBLIC_HEADERS_FOLDER_PATH\=JJPlayer.app/Headers
    export RECOMMENDED_IPHONEOS_DEPLOYMENT_TARGET\=15.0
    export RECURSIVE_SEARCH_PATHS_FOLLOW_SYMLINKS\=YES
    export REMOVE_CVS_FROM_RESOURCES\=YES
    export REMOVE_GIT_FROM_RESOURCES\=YES
    export REMOVE_HEADERS_FROM_EMBEDDED_BUNDLES\=YES
    export REMOVE_HG_FROM_RESOURCES\=YES
    export REMOVE_STATIC_EXECUTABLES_FROM_EMBEDDED_BUNDLES\=YES
    export REMOVE_SVN_FROM_RESOURCES\=YES
    export RESCHEDULE_INDEPENDENT_HEADERS_PHASES\=YES
    export REZ_COLLECTOR_DIR\=/Users/jiao/Library/Developer/Xcode/DerivedData/JJPlayer-bdaloyzxyncocyezvrmscshxyhrt/Build/Intermediates.noindex/JJPlayer.build/Debug-iphonesimulator/JJPlayer.build/ResourceManagerResources
    export REZ_OBJECTS_DIR\=/Users/jiao/Library/Developer/Xcode/DerivedData/JJPlayer-bdaloyzxyncocyezvrmscshxyhrt/Build/Intermediates.noindex/JJPlayer.build/Debug-iphonesimulator/JJPlayer.build/ResourceManagerResources/Objects
    export REZ_SEARCH_PATHS\=/Users/jiao/Library/Developer/Xcode/DerivedData/JJPlayer-bdaloyzxyncocyezvrmscshxyhrt/Build/Products/Debug-iphonesimulator\ 
    export RPATH_ORIGIN\=@loader_path
    export RUNTIME_EXCEPTION_ALLOW_DYLD_ENVIRONMENT_VARIABLES\=NO
    export RUNTIME_EXCEPTION_ALLOW_JIT\=NO
    export RUNTIME_EXCEPTION_ALLOW_UNSIGNED_EXECUTABLE_MEMORY\=NO
    export RUNTIME_EXCEPTION_DEBUGGING_TOOL\=NO
    export RUNTIME_EXCEPTION_DISABLE_EXECUTABLE_PAGE_PROTECTION\=NO
    export RUNTIME_EXCEPTION_DISABLE_LIBRARY_VALIDATION\=NO
    export SCANNING_PCM_KEEP_CACHE_DIRECTORY\=YES
    export SCAN_ALL_SOURCE_FILES_FOR_INCLUDES\=NO
    export SCRIPTS_FOLDER_PATH\=JJPlayer.app/Scripts
    export SCRIPT_INPUT_FILE_COUNT\=0
    export SCRIPT_INPUT_FILE_LIST_COUNT\=0
    export SCRIPT_OUTPUT_FILE_COUNT\=0
    export SCRIPT_OUTPUT_FILE_LIST_COUNT\=0
    export SDKROOT\=/Applications/Xcode.app/Contents/Developer/Platforms/iPhoneSimulator.platform/Developer/SDKs/iPhoneSimulator26.5.sdk
    export SDK_DIR\=/Applications/Xcode.app/Contents/Developer/Platforms/iPhoneSimulator.platform/Developer/SDKs/iPhoneSimulator26.5.sdk
    export SDK_DIR_iphonesimulator\=/Applications/Xcode.app/Contents/Developer/Platforms/iPhoneSimulator.platform/Developer/SDKs/iPhoneSimulator26.5.sdk
    export SDK_DIR_iphonesimulator26_5\=/Applications/Xcode.app/Contents/Developer/Platforms/iPhoneSimulator.platform/Developer/SDKs/iPhoneSimulator26.5.sdk
    export SDK_NAME\=iphonesimulator26.5
    export SDK_NAMES\=iphonesimulator26.5
    export SDK_PRODUCT_BUILD_VERSION\=23F73
    export SDK_STAT_CACHE_DIR\=/Users/jiao/Library/Developer/Xcode/DerivedData
    export SDK_STAT_CACHE_ENABLE\=YES
    export SDK_STAT_CACHE_PATH\=/Users/jiao/Library/Developer/Xcode/DerivedData/SDKStatCaches.noindex/iphonesimulator26.5-23F73-6cfe768891a92b912361537c460fe42b.sdkstatcache
    export SDK_VERSION\=26.5
    export SDK_VERSION_ACTUAL\=260500
    export SDK_VERSION_MAJOR\=260000
    export SDK_VERSION_MINOR\=260500
    export SED\=/usr/bin/sed
    export SEPARATE_STRIP\=NO
    export SEPARATE_SYMBOL_EDIT\=NO
    export SET_DIR_MODE_OWNER_GROUP\=YES
    export SET_FILE_MODE_OWNER_GROUP\=NO
    export SHALLOW_BUNDLE\=YES
    export SHALLOW_BUNDLE_TRIPLE\=ios-simulator
    export SHALLOW_BUNDLE_ios_macabi\=NO
    export SHALLOW_BUNDLE_macos\=NO
    export SHARED_DERIVED_FILE_DIR\=/Users/jiao/Library/Developer/Xcode/DerivedData/JJPlayer-bdaloyzxyncocyezvrmscshxyhrt/Build/Products/Debug-iphonesimulator/DerivedSources
    export SHARED_FRAMEWORKS_FOLDER_PATH\=JJPlayer.app/SharedFrameworks
    export SHARED_PRECOMPS_DIR\=/Users/jiao/Library/Developer/Xcode/DerivedData/JJPlayer-bdaloyzxyncocyezvrmscshxyhrt/Build/Intermediates.noindex/PrecompiledHeaders
    export SHARED_SUPPORT_FOLDER_PATH\=JJPlayer.app/SharedSupport
    export SKIP_INSTALL\=NO
    export SKIP_MERGEABLE_LIBRARY_BUNDLE_HOOK\=NO
    export SOURCE_ROOT\=/Users/jiao/Desktop/Project/JJPlayer
    export SRCROOT\=/Users/jiao/Desktop/Project/JJPlayer
    export STRINGSDATA_DIR\=/Users/jiao/Library/Developer/Xcode/DerivedData/JJPlayer-bdaloyzxyncocyezvrmscshxyhrt/Build/Intermediates.noindex/JJPlayer.build/Debug-iphonesimulator/JJPlayer.build/Objects-normal/undefined_arch
    export STRINGSDATA_ROOT\=/Users/jiao/Library/Developer/Xcode/DerivedData/JJPlayer-bdaloyzxyncocyezvrmscshxyhrt/Build/Intermediates.noindex/JJPlayer.build/Debug-iphonesimulator/JJPlayer.build
    export STRINGS_FILE_INFOPLIST_RENAME\=YES
    export STRINGS_FILE_OUTPUT_ENCODING\=binary
    export STRING_CATALOG_GENERATE_SYMBOLS\=YES
    export STRIP_BITCODE_FROM_COPIED_FILES\=NO
    export STRIP_INSTALLED_PRODUCT\=NO
    export STRIP_STYLE\=all
    export STRIP_SWIFT_SYMBOLS\=YES
    export SUPPORTED_DEVICE_FAMILIES\=1,2
    export SUPPORTED_PLATFORMS\=iphoneos\ iphonesimulator
    export SUPPORTS_MACCATALYST\=NO
    export SUPPORTS_ON_DEMAND_RESOURCES\=YES
    export SUPPORTS_TEXT_BASED_API\=NO
    export SUPPRESS_WARNINGS\=NO
    export SWIFT_ACTIVE_COMPILATION_CONDITIONS\=DEBUG\ 
    export SWIFT_APPROACHABLE_CONCURRENCY\=YES
    export SWIFT_DEFAULT_ACTOR_ISOLATION\=MainActor
    export SWIFT_EMIT_CONST_VALUE_PROTOCOLS\=AnyResolverProviding\ AppEntity\ AppEnum\ AppExtension\ AppIntent\ AppIntentsPackage\ AppShortcutProviding\ AppShortcutsProvider\ AppUnionValue\ AppUnionValueCasesProviding\ DynamicOptionsProvider\ EntityQuery\ ExtensionPointDefining\ IntentValueQuery\ Resolver\ TransientEntity\ _AssistantIntentsProvider\ _GenerativeFunctionExtractable\ _IntentValueRepresentable
    export SWIFT_EMIT_LOC_STRINGS\=YES
    export SWIFT_ENABLE_EXPLICIT_MODULES\=YES
    export SWIFT_OPTIMIZATION_LEVEL\=-Onone
    export SWIFT_PLATFORM_TARGET_PREFIX\=ios
    export SWIFT_RESPONSE_FILE_PATH_normal_arm64\=/Users/jiao/Library/Developer/Xcode/DerivedData/JJPlayer-bdaloyzxyncocyezvrmscshxyhrt/Build/Intermediates.noindex/JJPlayer.build/Debug-iphonesimulator/JJPlayer.build/Objects-normal/arm64/JJPlayer.SwiftFileList
    export SWIFT_UPCOMING_FEATURE_MEMBER_IMPORT_VISIBILITY\=YES
    export SWIFT_VERSION\=5.0
    export SYMROOT\=/Users/jiao/Library/Developer/Xcode/DerivedData/JJPlayer-bdaloyzxyncocyezvrmscshxyhrt/Build/Products
    export SYSTEM_ADMIN_APPS_DIR\=/Applications/Utilities
    export SYSTEM_APPS_DIR\=/Applications
    export SYSTEM_CORE_SERVICES_DIR\=/System/Library/CoreServices
    export SYSTEM_DEMOS_DIR\=/Applications/Extras
    export SYSTEM_DEVELOPER_APPS_DIR\=/Applications/Xcode.app/Contents/Developer/Applications
    export SYSTEM_DEVELOPER_BIN_DIR\=/Applications/Xcode.app/Contents/Developer/usr/bin
    export SYSTEM_DEVELOPER_DEMOS_DIR\=/Applications/Xcode.app/Contents/Developer/Applications/Utilities/Built\ Examples
    export SYSTEM_DEVELOPER_DIR\=/Applications/Xcode.app/Contents/Developer
    export SYSTEM_DEVELOPER_DOC_DIR\=/Applications/Xcode.app/Contents/Developer/ADC\ Reference\ Library
    export SYSTEM_DEVELOPER_GRAPHICS_TOOLS_DIR\=/Applications/Xcode.app/Contents/Developer/Applications/Graphics\ Tools
    export SYSTEM_DEVELOPER_JAVA_TOOLS_DIR\=/Applications/Xcode.app/Contents/Developer/Applications/Java\ Tools
    export SYSTEM_DEVELOPER_PERFORMANCE_TOOLS_DIR\=/Applications/Xcode.app/Contents/Developer/Applications/Performance\ Tools
    export SYSTEM_DEVELOPER_RELEASENOTES_DIR\=/Applications/Xcode.app/Contents/Developer/ADC\ Reference\ Library/releasenotes
    export SYSTEM_DEVELOPER_TOOLS\=/Applications/Xcode.app/Contents/Developer/Tools
    export SYSTEM_DEVELOPER_TOOLS_DOC_DIR\=/Applications/Xcode.app/Contents/Developer/ADC\ Reference\ Library/documentation/DeveloperTools
    export SYSTEM_DEVELOPER_TOOLS_RELEASENOTES_DIR\=/Applications/Xcode.app/Contents/Developer/ADC\ Reference\ Library/releasenotes/DeveloperTools
    export SYSTEM_DEVELOPER_USR_DIR\=/Applications/Xcode.app/Contents/Developer/usr
    export SYSTEM_DEVELOPER_UTILITIES_DIR\=/Applications/Xcode.app/Contents/Developer/Applications/Utilities
    export SYSTEM_DEXT_INSTALL_PATH\=/System/Library/DriverExtensions
    export SYSTEM_DOCUMENTATION_DIR\=/Library/Documentation
    export SYSTEM_EXTENSIONS_FOLDER_PATH\=JJPlayer.app/SystemExtensions
    export SYSTEM_EXTENSIONS_FOLDER_PATH_SHALLOW_BUNDLE_NO\=JJPlayer.app/Library/SystemExtensions
    export SYSTEM_EXTENSIONS_FOLDER_PATH_SHALLOW_BUNDLE_YES\=JJPlayer.app/SystemExtensions
    export SYSTEM_KEXT_INSTALL_PATH\=/System/Library/Extensions
    export SYSTEM_LIBRARY_DIR\=/System/Library
    export TAPI_DEMANGLE\=YES
    export TAPI_ENABLE_PROJECT_HEADERS\=NO
    export TAPI_LANGUAGE\=objective-c
    export TAPI_LANGUAGE_STANDARD\=compiler-default
    export TAPI_USE_SRCROOT\=YES
    export TAPI_VERIFY_MODE\=Pedantic
    export TARGETED_DEVICE_FAMILY\=1,2
    export TARGETNAME\=JJPlayer
    export TARGET_BUILD_DIR\=/Users/jiao/Library/Developer/Xcode/DerivedData/JJPlayer-bdaloyzxyncocyezvrmscshxyhrt/Build/Products/Debug-iphonesimulator
    export TARGET_DEVICE_IDENTIFIER\=09B3B205-0ABB-4EA4-80B3-ED143632DC14
    export TARGET_DEVICE_MODEL\=iPhone18,3
    export TARGET_DEVICE_OS_VERSION\=26.5
    export TARGET_DEVICE_PLATFORM_NAME\=iphonesimulator
    export TARGET_NAME\=JJPlayer
    export TARGET_TEMP_DIR\=/Users/jiao/Library/Developer/Xcode/DerivedData/JJPlayer-bdaloyzxyncocyezvrmscshxyhrt/Build/Intermediates.noindex/JJPlayer.build/Debug-iphonesimulator/JJPlayer.build
    export TEMP_DIR\=/Users/jiao/Library/Developer/Xcode/DerivedData/JJPlayer-bdaloyzxyncocyezvrmscshxyhrt/Build/Intermediates.noindex/JJPlayer.build/Debug-iphonesimulator/JJPlayer.build
    export TEMP_FILES_DIR\=/Users/jiao/Library/Developer/Xcode/DerivedData/JJPlayer-bdaloyzxyncocyezvrmscshxyhrt/Build/Intermediates.noindex/JJPlayer.build/Debug-iphonesimulator/JJPlayer.build
    export TEMP_FILE_DIR\=/Users/jiao/Library/Developer/Xcode/DerivedData/JJPlayer-bdaloyzxyncocyezvrmscshxyhrt/Build/Intermediates.noindex/JJPlayer.build/Debug-iphonesimulator/JJPlayer.build
    export TEMP_ROOT\=/Users/jiao/Library/Developer/Xcode/DerivedData/JJPlayer-bdaloyzxyncocyezvrmscshxyhrt/Build/Intermediates.noindex
    export TEMP_SANDBOX_DIR\=/Users/jiao/Library/Developer/Xcode/DerivedData/JJPlayer-bdaloyzxyncocyezvrmscshxyhrt/Build/Intermediates.noindex/TemporaryTaskSandboxes
    export TEST_FRAMEWORK_SEARCH_PATHS\=\ /Applications/Xcode.app/Contents/Developer/Platforms/iPhoneSimulator.platform/Developer/Library/Frameworks\ /Applications/Xcode.app/Contents/Developer/Platforms/iPhoneSimulator.platform/Developer/SDKs/iPhoneSimulator26.5.sdk/Developer/Library/Frameworks
    export TEST_LIBRARY_SEARCH_PATHS\=\ /Applications/Xcode.app/Contents/Developer/Platforms/iPhoneSimulator.platform/Developer/usr/lib
    export TOOLCHAINS\=com.apple.dt.toolchain.XcodeDefault
    export TOOLCHAIN_DIR\=/Applications/Xcode.app/Contents/Developer/Toolchains/XcodeDefault.xctoolchain
    export TREAT_MISSING_BASELINES_AS_TEST_FAILURES\=NO
    export TREAT_MISSING_SCRIPT_PHASE_OUTPUTS_AS_ERRORS\=NO
    export TeamIdentifierPrefix\=CFNBP9XPWJ.
    export UID\=501
    export UNINSTALLED_PRODUCTS_DIR\=/Users/jiao/Library/Developer/Xcode/DerivedData/JJPlayer-bdaloyzxyncocyezvrmscshxyhrt/Build/Intermediates.noindex/UninstalledProducts
    export UNLOCALIZED_RESOURCES_FOLDER_PATH\=JJPlayer.app
    export UNLOCALIZED_RESOURCES_FOLDER_PATH_SHALLOW_BUNDLE_NO\=JJPlayer.app/Resources
    export UNLOCALIZED_RESOURCES_FOLDER_PATH_SHALLOW_BUNDLE_YES\=JJPlayer.app
    export UNSTRIPPED_PRODUCT\=NO
    export USER\=jiao
    export USER_APPS_DIR\=/Users/jiao/Applications
    export USER_LIBRARY_DIR\=/Users/jiao/Library
    export USE_DYNAMIC_NO_PIC\=YES
    export USE_HEADERMAP\=YES
    export USE_HEADER_SYMLINKS\=NO
    export VALIDATE_DEVELOPMENT_ASSET_PATHS\=YES_ERROR
    export VALIDATE_PRODUCT\=NO
    export VALID_ARCHS\=arm64\ x86_64
    export VERBOSE_PBXCP\=NO
    export VERSIONPLIST_PATH\=JJPlayer.app/version.plist
    export VERSION_INFO_BUILDER\=jiao
    export VERSION_INFO_FILE\=JJPlayer_vers.c
    export VERSION_INFO_STRING\=\"@\(\#\)PROGRAM:JJPlayer\ \ PROJECT:JJPlayer-1\"
    export WORKSPACE_DIR\=/Users/jiao/Desktop/Project/JJPlayer/JJPlayer.xcodeproj
    export WRAPPER_EXTENSION\=app
    export WRAPPER_NAME\=JJPlayer.app
    export WRAPPER_SUFFIX\=.app
    export WRAP_ASSET_PACKS_IN_SEPARATE_DIRECTORIES\=NO
    export XCODE_APP_SUPPORT_DIR\=/Applications/Xcode.app/Contents/Developer/Library/Xcode
    export XCODE_PRODUCT_BUILD_VERSION\=17F42
    export XCODE_VERSION_ACTUAL\=2650
    export XCODE_VERSION_MAJOR\=2600
    export XCODE_VERSION_MINOR\=2650
    export XPCSERVICES_FOLDER_PATH\=JJPlayer.app/XPCServices
    export YACC\=yacc
    export _DISCOVER_COMMAND_LINE_LINKER_INPUTS\=YES
    export _DISCOVER_COMMAND_LINE_LINKER_INPUTS_INCLUDE_WL\=YES
    export _LD_MULTIARCH\=YES
    export _WRAPPER_CONTENTS_DIR_SHALLOW_BUNDLE_NO\=/Contents
    export _WRAPPER_PARENT_PATH_SHALLOW_BUNDLE_NO\=/..
    export _WRAPPER_RESOURCES_DIR_SHALLOW_BUNDLE_NO\=/Resources
    export __DIAGNOSE_DEPRECATED_ARCHS\=YES
    export __IS_NOT_MACOS\=YES
    export __IS_NOT_MACOS_macosx\=NO
    export __IS_NOT_SIMULATOR\=NO
    export __IS_NOT_SIMULATOR_simulator\=NO
    export __ORIGINAL_SDK_DEFINED_LLVM_TARGET_TRIPLE_SYS\=ios
    export arch\=undefined_arch
    export variant\=normal
    /bin/sh -c /Users/jiao/Library/Developer/Xcode/DerivedData/JJPlayer-bdaloyzxyncocyezvrmscshxyhrt/Build/Intermediates.noindex/JJPlayer.build/Debug-iphonesimulator/JJPlayer.build/Script-0F69FAAF2FBDC4E2001D6CF9.sh
Linting Swift files in current working directory
Linting 'JJPlayerKit.swift' (1/9)
Linting 'JJPlayerState.swift' (2/9)
Linting 'JJPlayerKit/Package.swift' (3/9)
Linting 'JJPlayerKit/.build/checkouts/ffmpeg-kit-spm/Package.swift' (4/9)
Linting 'Logger.swift' (5/9)
Linting 'JJDemuxer.swift' (6/9)
Linting 'Double+Format.swift' (7/9)
Linting 'JJSwiftUIPlayerView.swift' (8/9)
Linting 'JJPlayer.swift' (9/9)
/Users/jiao/Desktop/Project/JJPlayer/JJPlayerKit/Sources/JJPlayerKit/JJPlayer.swift:99:1: warning: Line Length Violation: Line should be 140 characters or less; currently it has 171 characters (line_length)
/Users/jiao/Desktop/Project/JJPlayer/JJPlayerKit/Sources/JJPlayerKit/JJPlayer.swift:32:68: warning: Redundant Optional Initialization Violation: Initializing an optional variable with nil is redundant (redundant_optional_initialization)
/Users/jiao/Desktop/Project/JJPlayer/JJPlayerKit/Sources/JJPlayerKit/JJPlayer.swift:35:42: warning: Redundant Optional Initialization Violation: Initializing an optional variable with nil is redundant (redundant_optional_initialization)
/Users/jiao/Desktop/Project/JJPlayer/JJPlayerKit/Sources/JJPlayerKit/JJPlayer.swift:177:1: warning: Trailing Newline Violation: Files should have a single trailing newline (trailing_newline)
/Users/jiao/Desktop/Project/JJPlayer/JJPlayerKit/Sources/JJPlayerKit/JJDemuxer.swift:89:1: warning: Trailing Newline Violation: Files should have a single trailing newline (trailing_newline)
/Users/jiao/Desktop/Project/JJPlayer/JJPlayerKit/Sources/JJPlayerKit/Views/JJSwiftUIPlayerView.swift:67:57: warning: Redundant Optional Initialization Violation: Initializing an optional variable with nil is redundant (redundant_optional_initialization)
/Users/jiao/Desktop/Project/JJPlayer/JJPlayerKit/Sources/JJPlayerKit/Views/JJSwiftUIPlayerView.swift:80:42: warning: Redundant Optional Initialization Violation: Initializing an optional variable with nil is redundant (redundant_optional_initialization)
/Users/jiao/Desktop/Project/JJPlayer/JJPlayerKit/Sources/JJPlayerKit/Views/JJSwiftUIPlayerView.swift:46:5: warning: Static Over Final Class Violation: Prefer `static` over `class` in a final class (static_over_final_class)
Done linting! Found 8 violations, 0 serious in 9 files.

PhaseScriptExecution SwiftFormat /Users/jiao/Library/Developer/Xcode/DerivedData/JJPlayer-bdaloyzxyncocyezvrmscshxyhrt/Build/Intermediates.noindex/JJPlayer.build/Debug-iphonesimulator/JJPlayer.build/Script-0F76596D2FBDCD1F00939ACC.sh (in target 'JJPlayer' from project 'JJPlayer')
    cd /Users/jiao/Desktop/Project/JJPlayer
    export ACTION\=build
    export AD_HOC_CODE_SIGNING_ALLOWED\=YES
    export AGGREGATE_TRACKED_DOMAINS\=YES
    export ALLOW_BUILD_REQUEST_OVERRIDES\=NO
    export ALLOW_TARGET_PLATFORM_SPECIALIZATION\=NO
    export ALTERNATE_GROUP\=staff
    export ALTERNATE_MODE\=u+w,go-w,a+rX
    export ALTERNATE_OWNER\=jiao
    export ALTERNATIVE_DISTRIBUTION_WEB\=NO
    export ALWAYS_EMBED_SWIFT_STANDARD_LIBRARIES\=NO
    export ALWAYS_SEARCH_USER_PATHS\=NO
    export ALWAYS_USE_SEPARATE_HEADERMAPS\=NO
    export ANDROID_DEPLOYMENT_TARGET\=21.0
    export APPLICATION_EXTENSION_API_ONLY\=NO
    export APPLY_RULES_IN_COPY_FILES\=NO
    export APPLY_RULES_IN_COPY_HEADERS\=NO
    export APP_SHORTCUTS_ENABLE_FLEXIBLE_MATCHING\=YES
    export ARCHS\=arm64
    export ARCHS_BASE\=arm64
    export ARCHS_STANDARD\=arm64\ x86_64
    export ARCHS_STANDARD_32_64_BIT\=arm64\ x86_64
    export ARCHS_STANDARD_64_BIT\=arm64\ x86_64
    export ARCHS_STANDARD_INCLUDING_64_BIT\=arm64\ x86_64
    export ARCHS_UNIVERSAL_IPHONE_OS\=arm64\ x86_64
    export ASSETCATALOG_COMPILER_APPICON_NAME\=AppIcon
    export ASSETCATALOG_COMPILER_GENERATE_SWIFT_ASSET_SYMBOL_EXTENSIONS\=YES
    export ASSETCATALOG_COMPILER_GLOBAL_ACCENT_COLOR_NAME\=AccentColor
    export ASSETCATALOG_FILTER_FOR_DEVICE_MODEL\=iPhone18,3
    export ASSETCATALOG_FILTER_FOR_DEVICE_OS_VERSION\=26.5
    export ASSETCATALOG_FILTER_FOR_THINNING_DEVICE_CONFIGURATION\=iPhone18,3
    export AUTOMATICALLY_MERGE_DEPENDENCIES\=NO
    export AUTOMATION_APPLE_EVENTS\=NO
    export AVAILABLE_PLATFORMS\=android\ appletvos\ appletvsimulator\ driverkit\ freebsd\ iphoneos\ iphonesimulator\ linux\ macosx\ none\ openbsd\ qnx\ watchos\ watchsimulator\ webassembly\ xros\ xrsimulator
    export AppIdentifierPrefix\=CFNBP9XPWJ.
    export BUILD_ACTIVE_RESOURCES_ONLY\=YES
    export BUILD_COMPONENTS\=headers\ build
    export BUILD_DIR\=/Users/jiao/Library/Developer/Xcode/DerivedData/JJPlayer-bdaloyzxyncocyezvrmscshxyhrt/Build/Products
    export BUILD_LIBRARY_FOR_DISTRIBUTION\=NO
    export BUILD_ONLY_KNOWN_LOCALIZATIONS\=NO
    export BUILD_ROOT\=/Users/jiao/Library/Developer/Xcode/DerivedData/JJPlayer-bdaloyzxyncocyezvrmscshxyhrt/Build/Products
    export BUILD_STYLE\=
    export BUILD_VARIANTS\=normal
    export BUILT_PRODUCTS_DIR\=/Users/jiao/Library/Developer/Xcode/DerivedData/JJPlayer-bdaloyzxyncocyezvrmscshxyhrt/Build/Products/Debug-iphonesimulator
    export BUNDLE_CONTENTS_FOLDER_PATH_deep\=Contents/
    export BUNDLE_EXECUTABLE_FOLDER_NAME_deep\=MacOS
    export BUNDLE_EXTENSIONS_FOLDER_PATH\=Extensions
    export BUNDLE_FORMAT\=shallow
    export BUNDLE_FRAMEWORKS_FOLDER_PATH\=Frameworks
    export BUNDLE_PLUGINS_FOLDER_PATH\=PlugIns
    export BUNDLE_PRIVATE_HEADERS_FOLDER_PATH\=PrivateHeaders
    export BUNDLE_PUBLIC_HEADERS_FOLDER_PATH\=Headers
    export CACHE_ROOT\=/var/folders/c2/mzz5j8kj3lz_y8f1qqyx2r000000gn/C/com.apple.DeveloperTools/26.5-17F42/Xcode
    export CCHROOT\=/var/folders/c2/mzz5j8kj3lz_y8f1qqyx2r000000gn/C/com.apple.DeveloperTools/26.5-17F42/Xcode
    export CHMOD\=/bin/chmod
    export CHOWN\=chown
    export CLANG_ANALYZER_NONNULL\=YES
    export CLANG_ANALYZER_NUMBER_OBJECT_CONVERSION\=YES_AGGRESSIVE
    export CLANG_CACHE_FINE_GRAINED_OUTPUTS\=YES
    export CLANG_COVERAGE_MAPPING\=YES
    export CLANG_CXX_LANGUAGE_STANDARD\=gnu++20
    export CLANG_ENABLE_EXPLICIT_MODULES\=YES
    export CLANG_ENABLE_MODULES\=YES
    export CLANG_ENABLE_OBJC_ARC\=YES
    export CLANG_ENABLE_OBJC_WEAK\=YES
    export CLANG_MODULES_BUILD_SESSION_FILE\=/Users/jiao/Library/Developer/Xcode/DerivedData/ModuleCache.noindex/Session.modulevalidation
    export CLANG_PROFILE_DATA_DIRECTORY\=/Users/jiao/Library/Developer/Xcode/DerivedData/JJPlayer-bdaloyzxyncocyezvrmscshxyhrt/Build/ProfileData
    export CLANG_WARN_BLOCK_CAPTURE_AUTORELEASING\=YES
    export CLANG_WARN_BOOL_CONVERSION\=YES
    export CLANG_WARN_COMMA\=YES
    export CLANG_WARN_CONSTANT_CONVERSION\=YES
    export CLANG_WARN_DEPRECATED_OBJC_IMPLEMENTATIONS\=YES
    export CLANG_WARN_DIRECT_OBJC_ISA_USAGE\=YES_ERROR
    export CLANG_WARN_DOCUMENTATION_COMMENTS\=YES
    export CLANG_WARN_EMPTY_BODY\=YES
    export CLANG_WARN_ENUM_CONVERSION\=YES
    export CLANG_WARN_INFINITE_RECURSION\=YES
    export CLANG_WARN_INT_CONVERSION\=YES
    export CLANG_WARN_NON_LITERAL_NULL_CONVERSION\=YES
    export CLANG_WARN_OBJC_IMPLICIT_RETAIN_SELF\=YES
    export CLANG_WARN_OBJC_LITERAL_CONVERSION\=YES
    export CLANG_WARN_OBJC_ROOT_CLASS\=YES_ERROR
    export CLANG_WARN_QUOTED_INCLUDE_IN_FRAMEWORK_HEADER\=YES
    export CLANG_WARN_RANGE_LOOP_ANALYSIS\=YES
    export CLANG_WARN_STRICT_PROTOTYPES\=YES
    export CLANG_WARN_SUSPICIOUS_MOVE\=YES
    export CLANG_WARN_UNGUARDED_AVAILABILITY\=YES_AGGRESSIVE
    export CLANG_WARN_UNREACHABLE_CODE\=YES
    export CLANG_WARN__DUPLICATE_METHOD_MATCH\=YES
    export CLASS_FILE_DIR\=/Users/jiao/Library/Developer/Xcode/DerivedData/JJPlayer-bdaloyzxyncocyezvrmscshxyhrt/Build/Intermediates.noindex/JJPlayer.build/Debug-iphonesimulator/JJPlayer.build/JavaClasses
    export CLEAN_PRECOMPS\=YES
    export CLONE_HEADERS\=NO
    export CODESIGNING_FOLDER_PATH\=/Users/jiao/Library/Developer/Xcode/DerivedData/JJPlayer-bdaloyzxyncocyezvrmscshxyhrt/Build/Products/Debug-iphonesimulator/JJPlayer.app
    export CODE_SIGNING_ALLOWED\=YES
    export CODE_SIGNING_REQUIRED\=YES
    export CODE_SIGN_CONTEXT_CLASS\=XCiPhoneSimulatorCodeSignContext
    export CODE_SIGN_IDENTITY\=-
    export CODE_SIGN_INJECT_BASE_ENTITLEMENTS\=YES
    export CODE_SIGN_STYLE\=Automatic
    export COLOR_DIAGNOSTICS\=NO
    export COMBINE_HIDPI_IMAGES\=NO
    export COMPILATION_CACHE_CAS_PATH\=/Users/jiao/Library/Developer/Xcode/DerivedData/CompilationCache.noindex
    export COMPILATION_CACHE_KEEP_CAS_DIRECTORY\=YES
    export COMPILER_INDEX_STORE_ENABLE\=Default
    export COMPOSITE_SDK_DIRS\=/Users/jiao/Library/Developer/Xcode/DerivedData/JJPlayer-bdaloyzxyncocyezvrmscshxyhrt/Build/Intermediates.noindex/CompositeSDKs
    export COMPRESS_PNG_FILES\=YES
    export CONFIGURATION\=Debug
    export CONFIGURATION_BUILD_DIR\=/Users/jiao/Library/Developer/Xcode/DerivedData/JJPlayer-bdaloyzxyncocyezvrmscshxyhrt/Build/Products/Debug-iphonesimulator
    export CONFIGURATION_TEMP_DIR\=/Users/jiao/Library/Developer/Xcode/DerivedData/JJPlayer-bdaloyzxyncocyezvrmscshxyhrt/Build/Intermediates.noindex/JJPlayer.build/Debug-iphonesimulator
    export CONTENTS_FOLDER_PATH\=JJPlayer.app
    export CONTENTS_FOLDER_PATH_SHALLOW_BUNDLE_NO\=JJPlayer.app/Contents
    export CONTENTS_FOLDER_PATH_SHALLOW_BUNDLE_YES\=JJPlayer.app
    export COPYING_PRESERVES_HFS_DATA\=NO
    export COPY_HEADERS_RUN_UNIFDEF\=NO
    export COPY_PHASE_STRIP\=NO
    export CORRESPONDING_DEVICE_PLATFORM_DIR\=/Applications/Xcode.app/Contents/Developer/Platforms/iPhoneOS.platform
    export CORRESPONDING_DEVICE_PLATFORM_NAME\=iphoneos
    export CORRESPONDING_DEVICE_SDK_DIR\=/Applications/Xcode.app/Contents/Developer/Platforms/iPhoneOS.platform/Developer/SDKs/iPhoneOS26.5.sdk
    export CORRESPONDING_DEVICE_SDK_NAME\=iphoneos26.5
    export CP\=/bin/cp
    export CREATE_INFOPLIST_SECTION_IN_BINARY\=NO
    export CURRENT_ARCH\=undefined_arch
    export CURRENT_PROJECT_VERSION\=1
    export CURRENT_VARIANT\=normal
    export DEAD_CODE_STRIPPING\=YES
    export DEBUGGING_SYMBOLS\=YES
    export DEBUG_INFORMATION_FORMAT\=dwarf
    export DEBUG_INFORMATION_VERSION\=compiler-default
    export DEFAULT_COMPILER\=com.apple.compilers.llvm.clang.1_0
    export DEFAULT_DEXT_INSTALL_PATH\=/System/Library/DriverExtensions
    export DEFAULT_KEXT_INSTALL_PATH\=/System/Library/Extensions
    export DEFINES_MODULE\=NO
    export DEPLOYMENT_LOCATION\=NO
    export DEPLOYMENT_POSTPROCESSING\=NO
    export DEPLOYMENT_TARGET_SETTING_NAME\=IPHONEOS_DEPLOYMENT_TARGET
    export DEPLOYMENT_TARGET_SUGGESTED_VALUES\=12.0\ 12.1\ 12.2\ 12.3\ 12.4\ 13.0\ 13.1\ 13.2\ 13.3\ 13.4\ 13.5\ 13.6\ 14.0\ 14.1\ 14.2\ 14.3\ 14.4\ 14.5\ 14.6\ 14.7\ 15.0\ 15.1\ 15.2\ 15.3\ 15.4\ 15.5\ 15.6\ 16.0\ 16.1\ 16.2\ 16.3\ 16.4\ 16.5\ 16.6\ 17.0\ 17.1\ 17.2\ 17.3\ 17.4\ 17.5\ 17.6\ 18.0\ 18.1\ 18.2\ 18.3\ 18.4\ 18.5\ 18.6\ 26.0\ 26.2\ 26.3\ 26.4\ 26.5
    export DERIVED_FILES_DIR\=/Users/jiao/Library/Developer/Xcode/DerivedData/JJPlayer-bdaloyzxyncocyezvrmscshxyhrt/Build/Intermediates.noindex/JJPlayer.build/Debug-iphonesimulator/JJPlayer.build/DerivedSources
    export DERIVED_FILE_DIR\=/Users/jiao/Library/Developer/Xcode/DerivedData/JJPlayer-bdaloyzxyncocyezvrmscshxyhrt/Build/Intermediates.noindex/JJPlayer.build/Debug-iphonesimulator/JJPlayer.build/DerivedSources
    export DERIVED_SOURCES_DIR\=/Users/jiao/Library/Developer/Xcode/DerivedData/JJPlayer-bdaloyzxyncocyezvrmscshxyhrt/Build/Intermediates.noindex/JJPlayer.build/Debug-iphonesimulator/JJPlayer.build/DerivedSources
    export DEVELOPER_APPLICATIONS_DIR\=/Applications/Xcode.app/Contents/Developer/Applications
    export DEVELOPER_BIN_DIR\=/Applications/Xcode.app/Contents/Developer/usr/bin
    export DEVELOPER_DIR\=/Applications/Xcode.app/Contents/Developer
    export DEVELOPER_FRAMEWORKS_DIR\=/Applications/Xcode.app/Contents/Developer/Library/Frameworks
    export DEVELOPER_FRAMEWORKS_DIR_QUOTED\=/Applications/Xcode.app/Contents/Developer/Library/Frameworks
    export DEVELOPER_LIBRARY_DIR\=/Applications/Xcode.app/Contents/Developer/Library
    export DEVELOPER_SDK_DIR\=/Applications/Xcode.app/Contents/Developer/Platforms/MacOSX.platform/Developer/SDKs
    export DEVELOPER_TOOLS_DIR\=/Applications/Xcode.app/Contents/Developer/Tools
    export DEVELOPER_USR_DIR\=/Applications/Xcode.app/Contents/Developer/usr
    export DEVELOPMENT_LANGUAGE\=en
    export DEVELOPMENT_TEAM\=CFNBP9XPWJ
    export DIAGNOSE_MISSING_TARGET_DEPENDENCIES\=YES
    export DIFF\=/usr/bin/diff
    export DOCUMENTATION_FOLDER_PATH\=JJPlayer.app/en.lproj/Documentation
    export DONT_GENERATE_INFOPLIST_FILE\=NO
    export DSTROOT\=/tmp/JJPlayer.dst
    export DT_TOOLCHAIN_DIR\=/Applications/Xcode.app/Contents/Developer/Toolchains/XcodeDefault.xctoolchain
    export DUMP_DEPENDENCIES\=NO
    export DUMP_DEPENDENCIES_OUTPUT_PATH\=/Users/jiao/Library/Developer/Xcode/DerivedData/JJPlayer-bdaloyzxyncocyezvrmscshxyhrt/Build/Intermediates.noindex/JJPlayer.build/Debug-iphonesimulator/JJPlayer.build/JJPlayer-BuildDependencyInfo.json
    export DWARF_DSYM_FILE_NAME\=JJPlayer.app.dSYM
    export DWARF_DSYM_FILE_SHOULD_ACCOMPANY_PRODUCT\=NO
    export DWARF_DSYM_FOLDER_PATH\=/Users/jiao/Library/Developer/Xcode/DerivedData/JJPlayer-bdaloyzxyncocyezvrmscshxyhrt/Build/Products/Debug-iphonesimulator
    export DYNAMIC_LIBRARY_EXTENSION\=dylib
    export EAGER_COMPILATION_ALLOW_SCRIPTS\=NO
    export EAGER_LINKING\=NO
    export EFFECTIVE_PLATFORM_NAME\=-iphonesimulator
    export EFFECTIVE_SWIFT_VERSION\=5
    export EMBEDDED_CONTENT_CONTAINS_SWIFT\=NO
    export EMBED_ASSET_PACKS_IN_PRODUCT_BUNDLE\=NO
    export ENABLE_APP_SANDBOX\=NO
    export ENABLE_CODE_COVERAGE\=YES
    export ENABLE_COHORT_ARCHS\=NO
    export ENABLE_CPLUSPLUS_BOUNDS_SAFE_BUFFERS\=NO
    export ENABLE_C_BOUNDS_SAFETY\=NO
    export ENABLE_DEBUG_DYLIB\=YES
    export ENABLE_DEFAULT_HEADER_SEARCH_PATHS\=YES
    export ENABLE_DEFAULT_SEARCH_PATHS\=YES
    export ENABLE_ENHANCED_SECURITY\=NO
    export ENABLE_HARDENED_RUNTIME\=NO
    export ENABLE_HEADER_DEPENDENCIES\=YES
    export ENABLE_INCOMING_NETWORK_CONNECTIONS\=NO
    export ENABLE_ON_DEMAND_RESOURCES\=YES
    export ENABLE_OUTGOING_NETWORK_CONNECTIONS\=NO
    export ENABLE_POINTER_AUTHENTICATION\=NO
    export ENABLE_PREVIEWS\=NO
    export ENABLE_RESOURCE_ACCESS_AUDIO_INPUT\=NO
    export ENABLE_RESOURCE_ACCESS_BLUETOOTH\=NO
    export ENABLE_RESOURCE_ACCESS_CALENDARS\=NO
    export ENABLE_RESOURCE_ACCESS_CAMERA\=NO
    export ENABLE_RESOURCE_ACCESS_CONTACTS\=NO
    export ENABLE_RESOURCE_ACCESS_LOCATION\=NO
    export ENABLE_RESOURCE_ACCESS_PHOTO_LIBRARY\=NO
    export ENABLE_RESOURCE_ACCESS_PRINTING\=NO
    export ENABLE_RESOURCE_ACCESS_USB\=NO
    export ENABLE_SDK_IMPORTS\=NO
    export ENABLE_SECURITY_COMPILER_WARNINGS\=NO
    export ENABLE_STRICT_OBJC_MSGSEND\=YES
    export ENABLE_TESTABILITY\=YES
    export ENABLE_TESTING_SEARCH_PATHS\=NO
    export ENABLE_USER_SCRIPT_SANDBOXING\=NO
    export ENABLE_XOJIT_PREVIEWS\=YES
    export ENFORCE_VALID_ARCHS\=YES
    export ENTITLEMENTS_ALLOWED\=NO
    export ENTITLEMENTS_DESTINATION\=__entitlements
    export ENTITLEMENTS_REQUIRED\=NO
    export EXCLUDED_ARCHS\=x86_64
    export EXCLUDED_INSTALLSRC_SUBDIRECTORY_PATTERNS\=.DS_Store\ .svn\ .git\ .hg\ CVS
    export EXCLUDED_RECURSIVE_SEARCH_PATH_SUBDIRECTORIES\=\*.nib\ \*.lproj\ \*.framework\ \*.gch\ \*.xcode\*\ \*.xcassets\ \*.icon\ \(\*\)\ .DS_Store\ CVS\ .svn\ .git\ .hg\ \*.pbproj\ \*.pbxproj
    export EXECUTABLES_FOLDER_PATH\=JJPlayer.app/Executables
    export EXECUTABLE_BLANK_INJECTION_DYLIB_PATH\=JJPlayer.app/__preview.dylib
    export EXECUTABLE_DEBUG_DYLIB_INSTALL_NAME\=@rpath/JJPlayer.debug.dylib
    export EXECUTABLE_DEBUG_DYLIB_PATH\=JJPlayer.app/JJPlayer.debug.dylib
    export EXECUTABLE_FOLDER_PATH\=JJPlayer.app
    export EXECUTABLE_FOLDER_PATH_SHALLOW_BUNDLE_NO\=JJPlayer.app/MacOS
    export EXECUTABLE_FOLDER_PATH_SHALLOW_BUNDLE_YES\=JJPlayer.app
    export EXECUTABLE_NAME\=JJPlayer
    export EXECUTABLE_PATH\=JJPlayer.app/JJPlayer
    export EXPANDED_CODE_SIGN_IDENTITY\=-
    export EXPANDED_CODE_SIGN_IDENTITY_NAME\=Sign\ to\ Run\ Locally
    export EXTENSIONS_FOLDER_PATH\=JJPlayer.app/Extensions
    export FILE_LIST\=/Users/jiao/Library/Developer/Xcode/DerivedData/JJPlayer-bdaloyzxyncocyezvrmscshxyhrt/Build/Intermediates.noindex/JJPlayer.build/Debug-iphonesimulator/JJPlayer.build/Objects/LinkFileList
    export FIXED_FILES_DIR\=/Users/jiao/Library/Developer/Xcode/DerivedData/JJPlayer-bdaloyzxyncocyezvrmscshxyhrt/Build/Intermediates.noindex/JJPlayer.build/Debug-iphonesimulator/JJPlayer.build/FixedFiles
    export FRAMEWORKS_FOLDER_PATH\=JJPlayer.app/Frameworks
    export FRAMEWORK_FLAG_PREFIX\=-framework
    export FRAMEWORK_SEARCH_PATHS\=/Users/jiao/Library/Developer/Xcode/DerivedData/JJPlayer-bdaloyzxyncocyezvrmscshxyhrt/Build/Products/Debug-iphonesimulator/PackageFrameworks\ /Users/jiao/Library/Developer/Xcode/DerivedData/JJPlayer-bdaloyzxyncocyezvrmscshxyhrt/Build/Products/Debug-iphonesimulator/PackageFrameworks\ /Users/jiao/Library/Developer/Xcode/DerivedData/JJPlayer-bdaloyzxyncocyezvrmscshxyhrt/Build/Products/Debug-iphonesimulator\ 
    export FRAMEWORK_VERSION\=A
    export FULL_PRODUCT_NAME\=JJPlayer.app
    export FUSE_BUILD_PHASES\=YES
    export FUSE_BUILD_SCRIPT_PHASES\=NO
    export GCC3_VERSION\=3.3
    export GCC_C_LANGUAGE_STANDARD\=gnu17
    export GCC_DYNAMIC_NO_PIC\=NO
    export GCC_INLINES_ARE_PRIVATE_EXTERN\=YES
    export GCC_NO_COMMON_BLOCKS\=YES
    export GCC_OBJC_LEGACY_DISPATCH\=YES
    export GCC_OPTIMIZATION_LEVEL\=0
    export GCC_PFE_FILE_C_DIALECTS\=c\ objective-c\ c++\ objective-c++
    export GCC_PREPROCESSOR_DEFINITIONS\=DEBUG\=1\ 
    export GCC_SYMBOLS_PRIVATE_EXTERN\=NO
    export GCC_TREAT_WARNINGS_AS_ERRORS\=NO
    export GCC_VERSION\=com.apple.compilers.llvm.clang.1_0
    export GCC_VERSION_IDENTIFIER\=com_apple_compilers_llvm_clang_1_0
    export GCC_WARN_64_TO_32_BIT_CONVERSION\=YES
    export GCC_WARN_ABOUT_RETURN_TYPE\=YES_ERROR
    export GCC_WARN_UNDECLARED_SELECTOR\=YES
    export GCC_WARN_UNINITIALIZED_AUTOS\=YES_AGGRESSIVE
    export GCC_WARN_UNUSED_FUNCTION\=YES
    export GCC_WARN_UNUSED_VARIABLE\=YES
    export GENERATED_MODULEMAP_DIR\=/Users/jiao/Library/Developer/Xcode/DerivedData/JJPlayer-bdaloyzxyncocyezvrmscshxyhrt/Build/Intermediates.noindex/GeneratedModuleMaps-iphonesimulator
    export GENERATE_INFOPLIST_FILE\=YES
    export GENERATE_INTERMEDIATE_TEXT_BASED_STUBS\=YES
    export GENERATE_PKGINFO_FILE\=YES
    export GENERATE_PRELINK_OBJECT_FILE\=NO
    export GENERATE_PROFILING_CODE\=NO
    export GENERATE_TEXT_BASED_STUBS\=NO
    export GID\=20
    export GROUP\=staff
    export HEADERMAP_INCLUDES_FLAT_ENTRIES_FOR_TARGET_BEING_BUILT\=YES
    export HEADERMAP_INCLUDES_FRAMEWORK_ENTRIES_FOR_ALL_PRODUCT_TYPES\=YES
    export HEADERMAP_INCLUDES_FRAMEWORK_ENTRIES_FOR_TARGETS_NOT_BEING_BUILT\=YES
    export HEADERMAP_INCLUDES_NONPUBLIC_NONPRIVATE_HEADERS\=YES
    export HEADERMAP_INCLUDES_PROJECT_HEADERS\=YES
    export HEADERMAP_USES_FRAMEWORK_PREFIX_ENTRIES\=YES
    export HEADERMAP_USES_VFS\=NO
    export HEADER_SEARCH_PATHS\=/Users/jiao/Desktop/Project/JJPlayer/JJPlayerKit/Sources/JJFFmpegCore/include\ /Users/jiao/Library/Developer/Xcode/DerivedData/JJPlayer-bdaloyzxyncocyezvrmscshxyhrt/Build/Products/Debug-iphonesimulator/include\ 
    export HOME\=/Users/jiao
    export HOST_ARCH\=arm64
    export HOST_PLATFORM\=macosx
    export ICONV\=/usr/bin/iconv
    export IMPLICIT_DEPENDENCY_DOMAIN\=default
    export INDEX_STORE_COMPRESS\=NO
    export INDEX_STORE_ONLY_PROJECT_FILES\=NO
    export INFOPLIST_ENABLE_CFBUNDLEICONS_MERGE\=YES
    export INFOPLIST_EXPAND_BUILD_SETTINGS\=YES
    export INFOPLIST_KEY_UIApplicationSceneManifest_Generation\=YES
    export INFOPLIST_KEY_UIApplicationSupportsIndirectInputEvents\=YES
    export INFOPLIST_KEY_UILaunchScreen_Generation\=YES
    export INFOPLIST_KEY_UISupportedInterfaceOrientations_iPad\=UIInterfaceOrientationPortrait\ UIInterfaceOrientationPortraitUpsideDown\ UIInterfaceOrientationLandscapeLeft\ UIInterfaceOrientationLandscapeRight
    export INFOPLIST_KEY_UISupportedInterfaceOrientations_iPhone\=UIInterfaceOrientationPortrait\ UIInterfaceOrientationLandscapeLeft\ UIInterfaceOrientationLandscapeRight
    export INFOPLIST_OUTPUT_FORMAT\=binary
    export INFOPLIST_PATH\=JJPlayer.app/Info.plist
    export INFOPLIST_PREPROCESS\=NO
    export INFOSTRINGS_PATH\=JJPlayer.app/en.lproj/InfoPlist.strings
    export INLINE_PRIVATE_FRAMEWORKS\=NO
    export INSTALLAPI_IGNORE_SKIP_INSTALL\=YES
    export INSTALLHDRS_COPY_PHASE\=NO
    export INSTALLHDRS_SCRIPT_PHASE\=NO
    export INSTALL_DIR\=/tmp/JJPlayer.dst/Applications
    export INSTALL_GROUP\=staff
    export INSTALL_MODE_FLAG\=u+w,go-w,a+rX
    export INSTALL_OWNER\=jiao
    export INSTALL_PATH\=/Applications
    export INSTALL_ROOT\=/tmp/JJPlayer.dst
    export IPHONEOS_DEPLOYMENT_TARGET\=17
    export IS_UNOPTIMIZED_BUILD\=YES
    export JAVAC_DEFAULT_FLAGS\=-J-Xms64m\ -J-XX:NewSize\=4M\ -J-Dfile.encoding\=UTF8
    export JAVA_APP_STUB\=/System/Library/Frameworks/JavaVM.framework/Resources/MacOS/JavaApplicationStub
    export JAVA_ARCHIVE_CLASSES\=YES
    export JAVA_ARCHIVE_TYPE\=JAR
    export JAVA_COMPILER\=/usr/bin/javac
    export JAVA_FOLDER_PATH\=JJPlayer.app/Java
    export JAVA_FRAMEWORK_RESOURCES_DIRS\=Resources
    export JAVA_JAR_FLAGS\=cv
    export JAVA_SOURCE_SUBDIR\=.
    export JAVA_USE_DEPENDENCIES\=YES
    export JAVA_ZIP_FLAGS\=-urg
    export JIKES_DEFAULT_FLAGS\=+E\ +OLDCSO
    export KEEP_PRIVATE_EXTERNS\=NO
    export LD_DEPENDENCY_INFO_FILE\=/Users/jiao/Library/Developer/Xcode/DerivedData/JJPlayer-bdaloyzxyncocyezvrmscshxyhrt/Build/Intermediates.noindex/JJPlayer.build/Debug-iphonesimulator/JJPlayer.build/Objects-normal/undefined_arch/JJPlayer_dependency_info.dat
    export LD_ENTITLEMENTS_SECTION\=/Users/jiao/Library/Developer/Xcode/DerivedData/JJPlayer-bdaloyzxyncocyezvrmscshxyhrt/Build/Intermediates.noindex/JJPlayer.build/Debug-iphonesimulator/JJPlayer.build/JJPlayer.app-Simulated.xcent
    export LD_ENTITLEMENTS_SECTION_DER\=/Users/jiao/Library/Developer/Xcode/DerivedData/JJPlayer-bdaloyzxyncocyezvrmscshxyhrt/Build/Intermediates.noindex/JJPlayer.build/Debug-iphonesimulator/JJPlayer.build/JJPlayer.app-Simulated.xcent.der
    export LD_EXPORT_SYMBOLS\=YES
    export LD_GENERATE_MAP_FILE\=NO
    export LD_MAP_FILE_PATH\=/Users/jiao/Library/Developer/Xcode/DerivedData/JJPlayer-bdaloyzxyncocyezvrmscshxyhrt/Build/Intermediates.noindex/JJPlayer.build/Debug-iphonesimulator/JJPlayer.build/JJPlayer-LinkMap-normal-undefined_arch.txt
    export LD_NO_PIE\=NO
    export LD_QUOTE_LINKER_ARGUMENTS_FOR_COMPILER_DRIVER\=YES
    export LD_RUNPATH_SEARCH_PATHS\=/Users/jiao/Library/Developer/Xcode/DerivedData/JJPlayer-bdaloyzxyncocyezvrmscshxyhrt/Build/Products/Debug-iphonesimulator/PackageFrameworks\ /Users/jiao/Library/Developer/Xcode/DerivedData/JJPlayer-bdaloyzxyncocyezvrmscshxyhrt/Build/Products/Debug-iphonesimulator/PackageFrameworks\ \ @executable_path/Frameworks
    export LD_RUNPATH_SEARCH_PATHS_YES\=@loader_path/../Frameworks
    export LD_SHARED_CACHE_ELIGIBLE\=Automatic
    export LD_WARN_DUPLICATE_LIBRARIES\=NO
    export LD_WARN_UNUSED_DYLIBS\=NO
    export LEGACY_DEVELOPER_DIR\=/Applications/Xcode.app/Contents/PlugIns/Xcode3Core.ideplugin/Contents/SharedSupport/Developer
    export LEX\=lex
    export LIBRARY_DEXT_INSTALL_PATH\=/Library/DriverExtensions
    export LIBRARY_FLAG_NOSPACE\=YES
    export LIBRARY_FLAG_PREFIX\=-l
    export LIBRARY_KEXT_INSTALL_PATH\=/Library/Extensions
    export LIBRARY_SEARCH_PATHS\=/Users/jiao/Library/Developer/Xcode/DerivedData/JJPlayer-bdaloyzxyncocyezvrmscshxyhrt/Build/Products/Debug-iphonesimulator\ 
    export LINKER_DISPLAYS_MANGLED_NAMES\=NO
    export LINK_FILE_LIST_normal_arm64\=/Users/jiao/Library/Developer/Xcode/DerivedData/JJPlayer-bdaloyzxyncocyezvrmscshxyhrt/Build/Intermediates.noindex/JJPlayer.build/Debug-iphonesimulator/JJPlayer.build/Objects-normal/arm64/JJPlayer.LinkFileList
    export LINK_OBJC_RUNTIME\=YES
    export LINK_WITH_STANDARD_LIBRARIES\=YES
    export LLVM_TARGET_TRIPLE_OS_VERSION\=ios17
    export LLVM_TARGET_TRIPLE_SUFFIX\=-simulator
    export LLVM_TARGET_TRIPLE_VENDOR\=apple
    export LM_AUX_CONST_METADATA_LIST_PATH_normal_arm64\=/Users/jiao/Library/Developer/Xcode/DerivedData/JJPlayer-bdaloyzxyncocyezvrmscshxyhrt/Build/Intermediates.noindex/JJPlayer.build/Debug-iphonesimulator/JJPlayer.build/Objects-normal/arm64/JJPlayer.SwiftConstValuesFileList
    export LOCALIZATION_EXPORT_SUPPORTED\=YES
    export LOCALIZATION_PREFERS_STRING_CATALOGS\=YES
    export LOCALIZED_RESOURCES_FOLDER_PATH\=JJPlayer.app/en.lproj
    export LOCALIZED_STRING_CODE_COMMENTS\=NO
    export LOCALIZED_STRING_MACRO_NAMES\=NSLocalizedString\ CFCopyLocalizedString
    export LOCALIZED_STRING_SWIFTUI_SUPPORT\=YES
    export LOCAL_ADMIN_APPS_DIR\=/Applications/Utilities
    export LOCAL_APPS_DIR\=/Applications
    export LOCAL_DEVELOPER_DIR\=/Library/Developer
    export LOCAL_LIBRARY_DIR\=/Library
    export LOCROOT\=/Users/jiao/Desktop/Project/JJPlayer
    export LOCSYMROOT\=/Users/jiao/Desktop/Project/JJPlayer
    export MACH_O_TYPE\=mh_execute
    export MAC_OS_X_PRODUCT_BUILD_VERSION\=25F71
    export MAC_OS_X_VERSION_ACTUAL\=260500
    export MAC_OS_X_VERSION_MAJOR\=260000
    export MAC_OS_X_VERSION_MINOR\=260500
    export MAKE_MERGEABLE\=NO
    export MARKETING_VERSION\=1.0
    export MERGEABLE_LIBRARY\=NO
    export MERGED_BINARY_TYPE\=none
    export MERGE_LINKED_LIBRARIES\=NO
    export METAL_LIBRARY_FILE_BASE\=default
    export METAL_LIBRARY_OUTPUT_DIR\=/Users/jiao/Library/Developer/Xcode/DerivedData/JJPlayer-bdaloyzxyncocyezvrmscshxyhrt/Build/Products/Debug-iphonesimulator/JJPlayer.app
    export MODULES_FOLDER_PATH\=JJPlayer.app/Modules
    export MODULE_CACHE_DIR\=/Users/jiao/Library/Developer/Xcode/DerivedData/ModuleCache.noindex
    export MTL_ENABLE_DEBUG_INFO\=INCLUDE_SOURCE
    export MTL_FAST_MATH\=YES
    export NATIVE_ARCH\=arm64
    export NATIVE_ARCH_32_BIT\=arm
    export NATIVE_ARCH_64_BIT\=arm64
    export NATIVE_ARCH_ACTUAL\=arm64
    export NO_COMMON\=YES
    export OBJC_ABI_VERSION\=2
    export OBJECT_FILE_DIR\=/Users/jiao/Library/Developer/Xcode/DerivedData/JJPlayer-bdaloyzxyncocyezvrmscshxyhrt/Build/Intermediates.noindex/JJPlayer.build/Debug-iphonesimulator/JJPlayer.build/Objects
    export OBJECT_FILE_DIR_normal\=/Users/jiao/Library/Developer/Xcode/DerivedData/JJPlayer-bdaloyzxyncocyezvrmscshxyhrt/Build/Intermediates.noindex/JJPlayer.build/Debug-iphonesimulator/JJPlayer.build/Objects-normal
    export OBJROOT\=/Users/jiao/Library/Developer/Xcode/DerivedData/JJPlayer-bdaloyzxyncocyezvrmscshxyhrt/Build/Intermediates.noindex
    export ONLY_ACTIVE_ARCH\=YES
    export OS\=MACOS
    export OSAC\=/usr/bin/osacompile
    export OTHER_CFLAGS\=-fmodule-map-file\=/Users/jiao/Library/Developer/Xcode/DerivedData/JJPlayer-bdaloyzxyncocyezvrmscshxyhrt/Build/Intermediates.noindex/GeneratedModuleMaps-iphonesimulator/JJFFmpegCore.modulemap\ -fmodule-map-file\=/Users/jiao/Library/Developer/Xcode/DerivedData/JJPlayer-bdaloyzxyncocyezvrmscshxyhrt/Build/Intermediates.noindex/GeneratedModuleMaps-iphonesimulator/JJPlayerKit.modulemap\ 
    export OTHER_CPLUSPLUSFLAGS\=-fmodule-map-file\=/Users/jiao/Library/Developer/Xcode/DerivedData/JJPlayer-bdaloyzxyncocyezvrmscshxyhrt/Build/Intermediates.noindex/GeneratedModuleMaps-iphonesimulator/JJFFmpegCore.modulemap\ -fmodule-map-file\=/Users/jiao/Library/Developer/Xcode/DerivedData/JJPlayer-bdaloyzxyncocyezvrmscshxyhrt/Build/Intermediates.noindex/GeneratedModuleMaps-iphonesimulator/JJPlayerKit.modulemap\ 
    export OTHER_LDFLAGS\=-Wl,-no_warn_duplicate_libraries\ -Wl,-no_warn_duplicate_libraries\ 
    export OTHER_SWIFT_FLAGS\=-Xcc\ -fmodule-map-file\=/Users/jiao/Library/Developer/Xcode/DerivedData/JJPlayer-bdaloyzxyncocyezvrmscshxyhrt/Build/Intermediates.noindex/GeneratedModuleMaps-iphonesimulator/JJFFmpegCore.modulemap\ 
    export PACKAGE_TYPE\=com.apple.package-type.wrapper.application
    export PASCAL_STRINGS\=YES
    export PATH\=/Applications/Xcode.app/Contents/SharedFrameworks/SwiftBuild.framework/Versions/A/PlugIns/SWBBuildService.bundle/Contents/PlugIns/SWBUniversalPlatformPlugin.bundle/Contents/Frameworks/SWBUniversalPlatform.framework/Resources:/Applications/Xcode.app/Contents/Developer/Toolchains/XcodeDefault.xctoolchain/usr/bin:/Applications/Xcode.app/Contents/Developer/Toolchains/XcodeDefault.xctoolchain/usr/local/bin:/Applications/Xcode.app/Contents/Developer/Toolchains/XcodeDefault.xctoolchain/usr/libexec:/Applications/Xcode.app/Contents/Developer/Platforms/iPhoneSimulator.platform/usr/bin:/Applications/Xcode.app/Contents/Developer/Platforms/iPhoneSimulator.platform/usr/local/bin:/Applications/Xcode.app/Contents/Developer/Platforms/iPhoneSimulator.platform/Developer/usr/bin:/Applications/Xcode.app/Contents/Developer/Platforms/iPhoneSimulator.platform/Developer/usr/local/bin:/Applications/Xcode.app/Contents/Developer/usr/bin:/Applications/Xcode.app/Contents/Developer/usr/local/bin:/Users/jiao/.gemini/antigravity/bin:/Users/jiao/Library/Application\ Support/Antigravity/bin:/Users/jiao/.antigravity-ide/antigravity-ide/bin:/Users/jiao/.antigravity/antigravity/bin:/Users/jiao/command-line-tools/bin:/Users/jiao/.gem/ruby/3.2.0/bin:/Users/jiao/.rbenv/shims:/Users/jiao/.nvm/versions/node/v24.12.0/bin:/opt/homebrew/bin:/opt/homebrew/sbin:/usr/local/bin:/System/Cryptexes/App/usr/bin:/usr/bin:/bin:/usr/sbin:/sbin:/var/run/com.apple.security.cryptexd/codex.system/bootstrap/usr/local/bin:/var/run/com.apple.security.cryptexd/codex.system/bootstrap/usr/bin:/var/run/com.apple.security.cryptexd/codex.system/bootstrap/usr/appleinternal/bin:/pkg/env/global/bin:/Library/Apple/usr/bin:/Users/jiao/Library/Android/sdk/emulator:/Users/jiao/Library/Android/sdk/platform-tools
    export PATH_PREFIXES_EXCLUDED_FROM_HEADER_DEPENDENCIES\=/usr/include\ /usr/local/include\ /System/Library/Frameworks\ /System/Library/PrivateFrameworks\ /Applications/Xcode.app/Contents/Developer/Headers\ /Applications/Xcode.app/Contents/Developer/SDKs\ /Applications/Xcode.app/Contents/Developer/Platforms
    export PBDEVELOPMENTPLIST_PATH\=JJPlayer.app/pbdevelopment.plist
    export PER_ARCH_MODULE_FILE_DIR\=/Users/jiao/Library/Developer/Xcode/DerivedData/JJPlayer-bdaloyzxyncocyezvrmscshxyhrt/Build/Intermediates.noindex/JJPlayer.build/Debug-iphonesimulator/JJPlayer.build/Objects-normal/undefined_arch
    export PER_ARCH_OBJECT_FILE_DIR\=/Users/jiao/Library/Developer/Xcode/DerivedData/JJPlayer-bdaloyzxyncocyezvrmscshxyhrt/Build/Intermediates.noindex/JJPlayer.build/Debug-iphonesimulator/JJPlayer.build/Objects-normal/undefined_arch
    export PER_VARIANT_OBJECT_FILE_DIR\=/Users/jiao/Library/Developer/Xcode/DerivedData/JJPlayer-bdaloyzxyncocyezvrmscshxyhrt/Build/Intermediates.noindex/JJPlayer.build/Debug-iphonesimulator/JJPlayer.build/Objects-normal
    export PKGINFO_FILE_PATH\=/Users/jiao/Library/Developer/Xcode/DerivedData/JJPlayer-bdaloyzxyncocyezvrmscshxyhrt/Build/Intermediates.noindex/JJPlayer.build/Debug-iphonesimulator/JJPlayer.build/PkgInfo
    export PKGINFO_PATH\=JJPlayer.app/PkgInfo
    export PLATFORM_DEVELOPER_APPLICATIONS_DIR\=/Applications/Xcode.app/Contents/Developer/Platforms/iPhoneSimulator.platform/Developer/Applications
    export PLATFORM_DEVELOPER_BIN_DIR\=/Applications/Xcode.app/Contents/Developer/Platforms/iPhoneSimulator.platform/Developer/usr/bin
    export PLATFORM_DEVELOPER_LIBRARY_DIR\=/Applications/Xcode.app/Contents/Developer/Platforms/iPhoneSimulator.platform/Developer/Library
    export PLATFORM_DEVELOPER_SDK_DIR\=/Applications/Xcode.app/Contents/Developer/Platforms/iPhoneSimulator.platform/Developer/SDKs
    export PLATFORM_DEVELOPER_TOOLS_DIR\=/Applications/Xcode.app/Contents/Developer/Platforms/iPhoneSimulator.platform/Developer/Tools
    export PLATFORM_DEVELOPER_USR_DIR\=/Applications/Xcode.app/Contents/Developer/Platforms/iPhoneSimulator.platform/Developer/usr
    export PLATFORM_DIR\=/Applications/Xcode.app/Contents/Developer/Platforms/iPhoneSimulator.platform
    export PLATFORM_DISPLAY_NAME\=iOS\ Simulator
    export PLATFORM_FAMILY_NAME\=iOS
    export PLATFORM_NAME\=iphonesimulator
    export PLATFORM_PREFERRED_ARCH\=x86_64
    export PLATFORM_PRODUCT_BUILD_VERSION\=23F73
    export PLATFORM_REQUIRES_SWIFT_AUTOLINK_EXTRACT\=NO
    export PLATFORM_REQUIRES_SWIFT_MODULEWRAP\=NO
    export PLATFORM_USES_DSYMS\=YES
    export PLIST_FILE_OUTPUT_FORMAT\=binary
    export PLUGINS_FOLDER_PATH\=JJPlayer.app/PlugIns
    export PRECOMPS_INCLUDE_HEADERS_FROM_BUILT_PRODUCTS_DIR\=YES
    export PRECOMP_DESTINATION_DIR\=/Users/jiao/Library/Developer/Xcode/DerivedData/JJPlayer-bdaloyzxyncocyezvrmscshxyhrt/Build/Intermediates.noindex/JJPlayer.build/Debug-iphonesimulator/JJPlayer.build/PrefixHeaders
    export PRIVATE_HEADERS_FOLDER_PATH\=JJPlayer.app/PrivateHeaders
    export PROCESSED_INFOPLIST_PATH\=/Users/jiao/Library/Developer/Xcode/DerivedData/JJPlayer-bdaloyzxyncocyezvrmscshxyhrt/Build/Intermediates.noindex/JJPlayer.build/Debug-iphonesimulator/JJPlayer.build/Objects-normal/undefined_arch/Processed-Info.plist
    export PRODUCT_BUNDLE_IDENTIFIER\=cc.dogegg.JJPlayer
    export PRODUCT_BUNDLE_PACKAGE_TYPE\=APPL
    export PRODUCT_MODULE_NAME\=JJPlayer
    export PRODUCT_NAME\=JJPlayer
    export PRODUCT_SETTINGS_PATH\=
    export PRODUCT_TYPE\=com.apple.product-type.application
    export PROFILING_CODE\=NO
    export PROJECT\=JJPlayer
    export PROJECT_DERIVED_FILE_DIR\=/Users/jiao/Library/Developer/Xcode/DerivedData/JJPlayer-bdaloyzxyncocyezvrmscshxyhrt/Build/Intermediates.noindex/JJPlayer.build/DerivedSources
    export PROJECT_DIR\=/Users/jiao/Desktop/Project/JJPlayer
    export PROJECT_FILE_PATH\=/Users/jiao/Desktop/Project/JJPlayer/JJPlayer.xcodeproj
    export PROJECT_GUID\=7ff9f346efaf374faf66417ba0bdf01f
    export PROJECT_NAME\=JJPlayer
    export PROJECT_TEMP_DIR\=/Users/jiao/Library/Developer/Xcode/DerivedData/JJPlayer-bdaloyzxyncocyezvrmscshxyhrt/Build/Intermediates.noindex/JJPlayer.build
    export PROJECT_TEMP_ROOT\=/Users/jiao/Library/Developer/Xcode/DerivedData/JJPlayer-bdaloyzxyncocyezvrmscshxyhrt/Build/Intermediates.noindex
    export PROVISIONING_PROFILE_REQUIRED\=NO
    export PROVISIONING_PROFILE_REQUIRED_YES_YES\=YES
    export PROVISIONING_PROFILE_SUPPORTED\=YES
    export PUBLIC_HEADERS_FOLDER_PATH\=JJPlayer.app/Headers
    export RECOMMENDED_IPHONEOS_DEPLOYMENT_TARGET\=15.0
    export RECURSIVE_SEARCH_PATHS_FOLLOW_SYMLINKS\=YES
    export REMOVE_CVS_FROM_RESOURCES\=YES
    export REMOVE_GIT_FROM_RESOURCES\=YES
    export REMOVE_HEADERS_FROM_EMBEDDED_BUNDLES\=YES
    export REMOVE_HG_FROM_RESOURCES\=YES
    export REMOVE_STATIC_EXECUTABLES_FROM_EMBEDDED_BUNDLES\=YES
    export REMOVE_SVN_FROM_RESOURCES\=YES
    export RESCHEDULE_INDEPENDENT_HEADERS_PHASES\=YES
    export REZ_COLLECTOR_DIR\=/Users/jiao/Library/Developer/Xcode/DerivedData/JJPlayer-bdaloyzxyncocyezvrmscshxyhrt/Build/Intermediates.noindex/JJPlayer.build/Debug-iphonesimulator/JJPlayer.build/ResourceManagerResources
    export REZ_OBJECTS_DIR\=/Users/jiao/Library/Developer/Xcode/DerivedData/JJPlayer-bdaloyzxyncocyezvrmscshxyhrt/Build/Intermediates.noindex/JJPlayer.build/Debug-iphonesimulator/JJPlayer.build/ResourceManagerResources/Objects
    export REZ_SEARCH_PATHS\=/Users/jiao/Library/Developer/Xcode/DerivedData/JJPlayer-bdaloyzxyncocyezvrmscshxyhrt/Build/Products/Debug-iphonesimulator\ 
    export RPATH_ORIGIN\=@loader_path
    export RUNTIME_EXCEPTION_ALLOW_DYLD_ENVIRONMENT_VARIABLES\=NO
    export RUNTIME_EXCEPTION_ALLOW_JIT\=NO
    export RUNTIME_EXCEPTION_ALLOW_UNSIGNED_EXECUTABLE_MEMORY\=NO
    export RUNTIME_EXCEPTION_DEBUGGING_TOOL\=NO
    export RUNTIME_EXCEPTION_DISABLE_EXECUTABLE_PAGE_PROTECTION\=NO
    export RUNTIME_EXCEPTION_DISABLE_LIBRARY_VALIDATION\=NO
    export SCANNING_PCM_KEEP_CACHE_DIRECTORY\=YES
    export SCAN_ALL_SOURCE_FILES_FOR_INCLUDES\=NO
    export SCRIPTS_FOLDER_PATH\=JJPlayer.app/Scripts
    export SCRIPT_INPUT_FILE_COUNT\=0
    export SCRIPT_INPUT_FILE_LIST_COUNT\=0
    export SCRIPT_OUTPUT_FILE_COUNT\=0
    export SCRIPT_OUTPUT_FILE_LIST_COUNT\=0
    export SDKROOT\=/Applications/Xcode.app/Contents/Developer/Platforms/iPhoneSimulator.platform/Developer/SDKs/iPhoneSimulator26.5.sdk
    export SDK_DIR\=/Applications/Xcode.app/Contents/Developer/Platforms/iPhoneSimulator.platform/Developer/SDKs/iPhoneSimulator26.5.sdk
    export SDK_DIR_iphonesimulator\=/Applications/Xcode.app/Contents/Developer/Platforms/iPhoneSimulator.platform/Developer/SDKs/iPhoneSimulator26.5.sdk
    export SDK_DIR_iphonesimulator26_5\=/Applications/Xcode.app/Contents/Developer/Platforms/iPhoneSimulator.platform/Developer/SDKs/iPhoneSimulator26.5.sdk
    export SDK_NAME\=iphonesimulator26.5
    export SDK_NAMES\=iphonesimulator26.5
    export SDK_PRODUCT_BUILD_VERSION\=23F73
    export SDK_STAT_CACHE_DIR\=/Users/jiao/Library/Developer/Xcode/DerivedData
    export SDK_STAT_CACHE_ENABLE\=YES
    export SDK_STAT_CACHE_PATH\=/Users/jiao/Library/Developer/Xcode/DerivedData/SDKStatCaches.noindex/iphonesimulator26.5-23F73-6cfe768891a92b912361537c460fe42b.sdkstatcache
    export SDK_VERSION\=26.5
    export SDK_VERSION_ACTUAL\=260500
    export SDK_VERSION_MAJOR\=260000
    export SDK_VERSION_MINOR\=260500
    export SED\=/usr/bin/sed
    export SEPARATE_STRIP\=NO
    export SEPARATE_SYMBOL_EDIT\=NO
    export SET_DIR_MODE_OWNER_GROUP\=YES
    export SET_FILE_MODE_OWNER_GROUP\=NO
    export SHALLOW_BUNDLE\=YES
    export SHALLOW_BUNDLE_TRIPLE\=ios-simulator
    export SHALLOW_BUNDLE_ios_macabi\=NO
    export SHALLOW_BUNDLE_macos\=NO
    export SHARED_DERIVED_FILE_DIR\=/Users/jiao/Library/Developer/Xcode/DerivedData/JJPlayer-bdaloyzxyncocyezvrmscshxyhrt/Build/Products/Debug-iphonesimulator/DerivedSources
    export SHARED_FRAMEWORKS_FOLDER_PATH\=JJPlayer.app/SharedFrameworks
    export SHARED_PRECOMPS_DIR\=/Users/jiao/Library/Developer/Xcode/DerivedData/JJPlayer-bdaloyzxyncocyezvrmscshxyhrt/Build/Intermediates.noindex/PrecompiledHeaders
    export SHARED_SUPPORT_FOLDER_PATH\=JJPlayer.app/SharedSupport
    export SKIP_INSTALL\=NO
    export SKIP_MERGEABLE_LIBRARY_BUNDLE_HOOK\=NO
    export SOURCE_ROOT\=/Users/jiao/Desktop/Project/JJPlayer
    export SRCROOT\=/Users/jiao/Desktop/Project/JJPlayer
    export STRINGSDATA_DIR\=/Users/jiao/Library/Developer/Xcode/DerivedData/JJPlayer-bdaloyzxyncocyezvrmscshxyhrt/Build/Intermediates.noindex/JJPlayer.build/Debug-iphonesimulator/JJPlayer.build/Objects-normal/undefined_arch
    export STRINGSDATA_ROOT\=/Users/jiao/Library/Developer/Xcode/DerivedData/JJPlayer-bdaloyzxyncocyezvrmscshxyhrt/Build/Intermediates.noindex/JJPlayer.build/Debug-iphonesimulator/JJPlayer.build
    export STRINGS_FILE_INFOPLIST_RENAME\=YES
    export STRINGS_FILE_OUTPUT_ENCODING\=binary
    export STRING_CATALOG_GENERATE_SYMBOLS\=YES
    export STRIP_BITCODE_FROM_COPIED_FILES\=NO
    export STRIP_INSTALLED_PRODUCT\=NO
    export STRIP_STYLE\=all
    export STRIP_SWIFT_SYMBOLS\=YES
    export SUPPORTED_DEVICE_FAMILIES\=1,2
    export SUPPORTED_PLATFORMS\=iphoneos\ iphonesimulator
    export SUPPORTS_MACCATALYST\=NO
    export SUPPORTS_ON_DEMAND_RESOURCES\=YES
    export SUPPORTS_TEXT_BASED_API\=NO
    export SUPPRESS_WARNINGS\=NO
    export SWIFT_ACTIVE_COMPILATION_CONDITIONS\=DEBUG\ 
    export SWIFT_APPROACHABLE_CONCURRENCY\=YES
    export SWIFT_DEFAULT_ACTOR_ISOLATION\=MainActor
    export SWIFT_EMIT_CONST_VALUE_PROTOCOLS\=AnyResolverProviding\ AppEntity\ AppEnum\ AppExtension\ AppIntent\ AppIntentsPackage\ AppShortcutProviding\ AppShortcutsProvider\ AppUnionValue\ AppUnionValueCasesProviding\ DynamicOptionsProvider\ EntityQuery\ ExtensionPointDefining\ IntentValueQuery\ Resolver\ TransientEntity\ _AssistantIntentsProvider\ _GenerativeFunctionExtractable\ _IntentValueRepresentable
    export SWIFT_EMIT_LOC_STRINGS\=YES
    export SWIFT_ENABLE_EXPLICIT_MODULES\=YES
    export SWIFT_OPTIMIZATION_LEVEL\=-Onone
    export SWIFT_PLATFORM_TARGET_PREFIX\=ios
    export SWIFT_RESPONSE_FILE_PATH_normal_arm64\=/Users/jiao/Library/Developer/Xcode/DerivedData/JJPlayer-bdaloyzxyncocyezvrmscshxyhrt/Build/Intermediates.noindex/JJPlayer.build/Debug-iphonesimulator/JJPlayer.build/Objects-normal/arm64/JJPlayer.SwiftFileList
    export SWIFT_UPCOMING_FEATURE_MEMBER_IMPORT_VISIBILITY\=YES
    export SWIFT_VERSION\=5.0
    export SYMROOT\=/Users/jiao/Library/Developer/Xcode/DerivedData/JJPlayer-bdaloyzxyncocyezvrmscshxyhrt/Build/Products
    export SYSTEM_ADMIN_APPS_DIR\=/Applications/Utilities
    export SYSTEM_APPS_DIR\=/Applications
    export SYSTEM_CORE_SERVICES_DIR\=/System/Library/CoreServices
    export SYSTEM_DEMOS_DIR\=/Applications/Extras
    export SYSTEM_DEVELOPER_APPS_DIR\=/Applications/Xcode.app/Contents/Developer/Applications
    export SYSTEM_DEVELOPER_BIN_DIR\=/Applications/Xcode.app/Contents/Developer/usr/bin
    export SYSTEM_DEVELOPER_DEMOS_DIR\=/Applications/Xcode.app/Contents/Developer/Applications/Utilities/Built\ Examples
    export SYSTEM_DEVELOPER_DIR\=/Applications/Xcode.app/Contents/Developer
    export SYSTEM_DEVELOPER_DOC_DIR\=/Applications/Xcode.app/Contents/Developer/ADC\ Reference\ Library
    export SYSTEM_DEVELOPER_GRAPHICS_TOOLS_DIR\=/Applications/Xcode.app/Contents/Developer/Applications/Graphics\ Tools
    export SYSTEM_DEVELOPER_JAVA_TOOLS_DIR\=/Applications/Xcode.app/Contents/Developer/Applications/Java\ Tools
    export SYSTEM_DEVELOPER_PERFORMANCE_TOOLS_DIR\=/Applications/Xcode.app/Contents/Developer/Applications/Performance\ Tools
    export SYSTEM_DEVELOPER_RELEASENOTES_DIR\=/Applications/Xcode.app/Contents/Developer/ADC\ Reference\ Library/releasenotes
    export SYSTEM_DEVELOPER_TOOLS\=/Applications/Xcode.app/Contents/Developer/Tools
    export SYSTEM_DEVELOPER_TOOLS_DOC_DIR\=/Applications/Xcode.app/Contents/Developer/ADC\ Reference\ Library/documentation/DeveloperTools
    export SYSTEM_DEVELOPER_TOOLS_RELEASENOTES_DIR\=/Applications/Xcode.app/Contents/Developer/ADC\ Reference\ Library/releasenotes/DeveloperTools
    export SYSTEM_DEVELOPER_USR_DIR\=/Applications/Xcode.app/Contents/Developer/usr
    export SYSTEM_DEVELOPER_UTILITIES_DIR\=/Applications/Xcode.app/Contents/Developer/Applications/Utilities
    export SYSTEM_DEXT_INSTALL_PATH\=/System/Library/DriverExtensions
    export SYSTEM_DOCUMENTATION_DIR\=/Library/Documentation
    export SYSTEM_EXTENSIONS_FOLDER_PATH\=JJPlayer.app/SystemExtensions
    export SYSTEM_EXTENSIONS_FOLDER_PATH_SHALLOW_BUNDLE_NO\=JJPlayer.app/Library/SystemExtensions
    export SYSTEM_EXTENSIONS_FOLDER_PATH_SHALLOW_BUNDLE_YES\=JJPlayer.app/SystemExtensions
    export SYSTEM_KEXT_INSTALL_PATH\=/System/Library/Extensions
    export SYSTEM_LIBRARY_DIR\=/System/Library
    export TAPI_DEMANGLE\=YES
    export TAPI_ENABLE_PROJECT_HEADERS\=NO
    export TAPI_LANGUAGE\=objective-c
    export TAPI_LANGUAGE_STANDARD\=compiler-default
    export TAPI_USE_SRCROOT\=YES
    export TAPI_VERIFY_MODE\=Pedantic
    export TARGETED_DEVICE_FAMILY\=1,2
    export TARGETNAME\=JJPlayer
    export TARGET_BUILD_DIR\=/Users/jiao/Library/Developer/Xcode/DerivedData/JJPlayer-bdaloyzxyncocyezvrmscshxyhrt/Build/Products/Debug-iphonesimulator
    export TARGET_DEVICE_IDENTIFIER\=09B3B205-0ABB-4EA4-80B3-ED143632DC14
    export TARGET_DEVICE_MODEL\=iPhone18,3
    export TARGET_DEVICE_OS_VERSION\=26.5
    export TARGET_DEVICE_PLATFORM_NAME\=iphonesimulator
    export TARGET_NAME\=JJPlayer
    export TARGET_TEMP_DIR\=/Users/jiao/Library/Developer/Xcode/DerivedData/JJPlayer-bdaloyzxyncocyezvrmscshxyhrt/Build/Intermediates.noindex/JJPlayer.build/Debug-iphonesimulator/JJPlayer.build
    export TEMP_DIR\=/Users/jiao/Library/Developer/Xcode/DerivedData/JJPlayer-bdaloyzxyncocyezvrmscshxyhrt/Build/Intermediates.noindex/JJPlayer.build/Debug-iphonesimulator/JJPlayer.build
    export TEMP_FILES_DIR\=/Users/jiao/Library/Developer/Xcode/DerivedData/JJPlayer-bdaloyzxyncocyezvrmscshxyhrt/Build/Intermediates.noindex/JJPlayer.build/Debug-iphonesimulator/JJPlayer.build
    export TEMP_FILE_DIR\=/Users/jiao/Library/Developer/Xcode/DerivedData/JJPlayer-bdaloyzxyncocyezvrmscshxyhrt/Build/Intermediates.noindex/JJPlayer.build/Debug-iphonesimulator/JJPlayer.build
    export TEMP_ROOT\=/Users/jiao/Library/Developer/Xcode/DerivedData/JJPlayer-bdaloyzxyncocyezvrmscshxyhrt/Build/Intermediates.noindex
    export TEMP_SANDBOX_DIR\=/Users/jiao/Library/Developer/Xcode/DerivedData/JJPlayer-bdaloyzxyncocyezvrmscshxyhrt/Build/Intermediates.noindex/TemporaryTaskSandboxes
    export TEST_FRAMEWORK_SEARCH_PATHS\=\ /Applications/Xcode.app/Contents/Developer/Platforms/iPhoneSimulator.platform/Developer/Library/Frameworks\ /Applications/Xcode.app/Contents/Developer/Platforms/iPhoneSimulator.platform/Developer/SDKs/iPhoneSimulator26.5.sdk/Developer/Library/Frameworks
    export TEST_LIBRARY_SEARCH_PATHS\=\ /Applications/Xcode.app/Contents/Developer/Platforms/iPhoneSimulator.platform/Developer/usr/lib
    export TOOLCHAINS\=com.apple.dt.toolchain.XcodeDefault
    export TOOLCHAIN_DIR\=/Applications/Xcode.app/Contents/Developer/Toolchains/XcodeDefault.xctoolchain
    export TREAT_MISSING_BASELINES_AS_TEST_FAILURES\=NO
    export TREAT_MISSING_SCRIPT_PHASE_OUTPUTS_AS_ERRORS\=NO
    export TeamIdentifierPrefix\=CFNBP9XPWJ.
    export UID\=501
    export UNINSTALLED_PRODUCTS_DIR\=/Users/jiao/Library/Developer/Xcode/DerivedData/JJPlayer-bdaloyzxyncocyezvrmscshxyhrt/Build/Intermediates.noindex/UninstalledProducts
    export UNLOCALIZED_RESOURCES_FOLDER_PATH\=JJPlayer.app
    export UNLOCALIZED_RESOURCES_FOLDER_PATH_SHALLOW_BUNDLE_NO\=JJPlayer.app/Resources
    export UNLOCALIZED_RESOURCES_FOLDER_PATH_SHALLOW_BUNDLE_YES\=JJPlayer.app
    export UNSTRIPPED_PRODUCT\=NO
    export USER\=jiao
    export USER_APPS_DIR\=/Users/jiao/Applications
    export USER_LIBRARY_DIR\=/Users/jiao/Library
    export USE_DYNAMIC_NO_PIC\=YES
    export USE_HEADERMAP\=YES
    export USE_HEADER_SYMLINKS\=NO
    export VALIDATE_DEVELOPMENT_ASSET_PATHS\=YES_ERROR
    export VALIDATE_PRODUCT\=NO
    export VALID_ARCHS\=arm64\ x86_64
    export VERBOSE_PBXCP\=NO
    export VERSIONPLIST_PATH\=JJPlayer.app/version.plist
    export VERSION_INFO_BUILDER\=jiao
    export VERSION_INFO_FILE\=JJPlayer_vers.c
    export VERSION_INFO_STRING\=\"@\(\#\)PROGRAM:JJPlayer\ \ PROJECT:JJPlayer-1\"
    export WORKSPACE_DIR\=/Users/jiao/Desktop/Project/JJPlayer/JJPlayer.xcodeproj
    export WRAPPER_EXTENSION\=app
    export WRAPPER_NAME\=JJPlayer.app
    export WRAPPER_SUFFIX\=.app
    export WRAP_ASSET_PACKS_IN_SEPARATE_DIRECTORIES\=NO
    export XCODE_APP_SUPPORT_DIR\=/Applications/Xcode.app/Contents/Developer/Library/Xcode
    export XCODE_PRODUCT_BUILD_VERSION\=17F42
    export XCODE_VERSION_ACTUAL\=2650
    export XCODE_VERSION_MAJOR\=2600
    export XCODE_VERSION_MINOR\=2650
    export XPCSERVICES_FOLDER_PATH\=JJPlayer.app/XPCServices
    export YACC\=yacc
    export _DISCOVER_COMMAND_LINE_LINKER_INPUTS\=YES
    export _DISCOVER_COMMAND_LINE_LINKER_INPUTS_INCLUDE_WL\=YES
    export _LD_MULTIARCH\=YES
    export _WRAPPER_CONTENTS_DIR_SHALLOW_BUNDLE_NO\=/Contents
    export _WRAPPER_PARENT_PATH_SHALLOW_BUNDLE_NO\=/..
    export _WRAPPER_RESOURCES_DIR_SHALLOW_BUNDLE_NO\=/Resources
    export __DIAGNOSE_DEPRECATED_ARCHS\=YES
    export __IS_NOT_MACOS\=YES
    export __IS_NOT_MACOS_macosx\=NO
    export __IS_NOT_SIMULATOR\=NO
    export __IS_NOT_SIMULATOR_simulator\=NO
    export __ORIGINAL_SDK_DEFINED_LLVM_TARGET_TRIPLE_SYS\=ios
    export arch\=undefined_arch
    export variant\=normal
    /bin/sh -c /Users/jiao/Library/Developer/Xcode/DerivedData/JJPlayer-bdaloyzxyncocyezvrmscshxyhrt/Build/Intermediates.noindex/JJPlayer.build/Debug-iphonesimulator/JJPlayer.build/Script-0F76596D2FBDCD1F00939ACC.sh
Executing SwiftFormat on the entire project...
Running SwiftFormat...
SwiftFormat completed in 0.08s.
4/10 files formatted, 3 files skipped.

ExtractAppIntentsMetadata (in target 'JJPlayer' from project 'JJPlayer')
    cd /Users/jiao/Desktop/Project/JJPlayer
    /Applications/Xcode.app/Contents/Developer/Toolchains/XcodeDefault.xctoolchain/usr/bin/appintentsmetadataprocessor --toolchain-dir /Applications/Xcode.app/Contents/Developer/Toolchains/XcodeDefault.xctoolchain --module-name JJPlayer --sdk-root /Applications/Xcode.app/Contents/Developer/Platforms/iPhoneSimulator.platform/Developer/SDKs/iPhoneSimulator26.5.sdk --xcode-version 17F42 --platform-family iOS --deployment-target 17 --bundle-identifier cc.dogegg.JJPlayer --output /Users/jiao/Library/Developer/Xcode/DerivedData/JJPlayer-bdaloyzxyncocyezvrmscshxyhrt/Build/Products/Debug-iphonesimulator/JJPlayer.app --target-triple arm64-apple-ios17-simulator --binary-file /Users/jiao/Library/Developer/Xcode/DerivedData/JJPlayer-bdaloyzxyncocyezvrmscshxyhrt/Build/Products/Debug-iphonesimulator/JJPlayer.app/JJPlayer --dependency-file /Users/jiao/Library/Developer/Xcode/DerivedData/JJPlayer-bdaloyzxyncocyezvrmscshxyhrt/Build/Intermediates.noindex/JJPlayer.build/Debug-iphonesimulator/JJPlayer.build/Objects-normal/arm64/JJPlayer_dependency_info.dat --stringsdata-file /Users/jiao/Library/Developer/Xcode/DerivedData/JJPlayer-bdaloyzxyncocyezvrmscshxyhrt/Build/Intermediates.noindex/JJPlayer.build/Debug-iphonesimulator/JJPlayer.build/Objects-normal/arm64/ExtractedAppShortcutsMetadata.stringsdata --source-file-list /Users/jiao/Library/Developer/Xcode/DerivedData/JJPlayer-bdaloyzxyncocyezvrmscshxyhrt/Build/Intermediates.noindex/JJPlayer.build/Debug-iphonesimulator/JJPlayer.build/Objects-normal/arm64/JJPlayer.SwiftFileList --metadata-file-list /Users/jiao/Library/Developer/Xcode/DerivedData/JJPlayer-bdaloyzxyncocyezvrmscshxyhrt/Build/Intermediates.noindex/JJPlayer.build/Debug-iphonesimulator/JJPlayer.build/JJPlayer.DependencyMetadataFileList --static-metadata-file-list /Users/jiao/Library/Developer/Xcode/DerivedData/JJPlayer-bdaloyzxyncocyezvrmscshxyhrt/Build/Intermediates.noindex/JJPlayer.build/Debug-iphonesimulator/JJPlayer.build/JJPlayer.DependencyStaticMetadataFileList --swift-const-vals-list /Users/jiao/Library/Developer/Xcode/DerivedData/JJPlayer-bdaloyzxyncocyezvrmscshxyhrt/Build/Intermediates.noindex/JJPlayer.build/Debug-iphonesimulator/JJPlayer.build/Objects-normal/arm64/JJPlayer.SwiftConstValuesFileList --compile-time-extraction --deployment-aware-processing --validate-assistant-intents --no-app-shortcuts-localization
2026-05-21 11:32:27.309 appintentsmetadataprocessor[89691:5664772] Starting appintentsmetadataprocessor export
2026-05-21 11:32:27.310 appintentsmetadataprocessor[89691:5664772] warning: Metadata extraction skipped. No AppIntents.framework dependency found.

CopySwiftLibs /Users/jiao/Library/Developer/Xcode/DerivedData/JJPlayer-bdaloyzxyncocyezvrmscshxyhrt/Build/Products/Debug-iphonesimulator/JJPlayer.app (in target 'JJPlayer' from project 'JJPlayer')
    cd /Users/jiao/Desktop/Project/JJPlayer
    builtin-swiftStdLibTool --copy --verbose --sign - --scan-executable /Users/jiao/Library/Developer/Xcode/DerivedData/JJPlayer-bdaloyzxyncocyezvrmscshxyhrt/Build/Products/Debug-iphonesimulator/JJPlayer.app/JJPlayer.debug.dylib --scan-folder /Users/jiao/Library/Developer/Xcode/DerivedData/JJPlayer-bdaloyzxyncocyezvrmscshxyhrt/Build/Products/Debug-iphonesimulator/JJPlayer.app/Frameworks --scan-folder /Users/jiao/Library/Developer/Xcode/DerivedData/JJPlayer-bdaloyzxyncocyezvrmscshxyhrt/Build/Products/Debug-iphonesimulator/JJPlayer.app/PlugIns --scan-folder /Users/jiao/Library/Developer/Xcode/DerivedData/JJPlayer-bdaloyzxyncocyezvrmscshxyhrt/Build/Products/Debug-iphonesimulator/JJPlayer.app/SystemExtensions --scan-folder /Users/jiao/Library/Developer/Xcode/DerivedData/JJPlayer-bdaloyzxyncocyezvrmscshxyhrt/Build/Products/Debug-iphonesimulator/JJPlayer.app/Extensions --platform iphonesimulator --toolchain /Applications/Xcode.app/Contents/Developer/Toolchains/XcodeDefault.xctoolchain --destination /Users/jiao/Library/Developer/Xcode/DerivedData/JJPlayer-bdaloyzxyncocyezvrmscshxyhrt/Build/Products/Debug-iphonesimulator/JJPlayer.app/Frameworks --strip-bitcode --strip-bitcode-tool /Applications/Xcode.app/Contents/Developer/Toolchains/XcodeDefault.xctoolchain/usr/bin/bitcode_strip --emit-dependency-info /Users/jiao/Library/Developer/Xcode/DerivedData/JJPlayer-bdaloyzxyncocyezvrmscshxyhrt/Build/Intermediates.noindex/JJPlayer.build/Debug-iphonesimulator/JJPlayer.build/SwiftStdLibToolInputDependencies.dep --filter-for-swift-os

CodeSign /Users/jiao/Library/Developer/Xcode/DerivedData/JJPlayer-bdaloyzxyncocyezvrmscshxyhrt/Build/Products/Debug-iphonesimulator/JJPlayer.app/JJPlayer.debug.dylib (in target 'JJPlayer' from project 'JJPlayer')
    cd /Users/jiao/Desktop/Project/JJPlayer
    
    Signing Identity:     "Sign to Run Locally"
    
    /usr/bin/codesign --force --sign - --timestamp\=none --generate-entitlement-der /Users/jiao/Library/Developer/Xcode/DerivedData/JJPlayer-bdaloyzxyncocyezvrmscshxyhrt/Build/Products/Debug-iphonesimulator/JJPlayer.app/JJPlayer.debug.dylib

CodeSign /Users/jiao/Library/Developer/Xcode/DerivedData/JJPlayer-bdaloyzxyncocyezvrmscshxyhrt/Build/Products/Debug-iphonesimulator/JJPlayer.app/__preview.dylib (in target 'JJPlayer' from project 'JJPlayer')
    cd /Users/jiao/Desktop/Project/JJPlayer
    
    Signing Identity:     "Sign to Run Locally"
    
    /usr/bin/codesign --force --sign - --timestamp\=none --generate-entitlement-der /Users/jiao/Library/Developer/Xcode/DerivedData/JJPlayer-bdaloyzxyncocyezvrmscshxyhrt/Build/Products/Debug-iphonesimulator/JJPlayer.app/__preview.dylib
/Users/jiao/Library/Developer/Xcode/DerivedData/JJPlayer-bdaloyzxyncocyezvrmscshxyhrt/Build/Products/Debug-iphonesimulator/JJPlayer.app/__preview.dylib: replacing existing signature

CodeSign /Users/jiao/Library/Developer/Xcode/DerivedData/JJPlayer-bdaloyzxyncocyezvrmscshxyhrt/Build/Products/Debug-iphonesimulator/JJPlayer.app (in target 'JJPlayer' from project 'JJPlayer')
    cd /Users/jiao/Desktop/Project/JJPlayer
    
    Signing Identity:     "Sign to Run Locally"
    
    /usr/bin/codesign --force --sign - --timestamp\=none --generate-entitlement-der /Users/jiao/Library/Developer/Xcode/DerivedData/JJPlayer-bdaloyzxyncocyezvrmscshxyhrt/Build/Products/Debug-iphonesimulator/JJPlayer.app

Validate /Users/jiao/Library/Developer/Xcode/DerivedData/JJPlayer-bdaloyzxyncocyezvrmscshxyhrt/Build/Products/Debug-iphonesimulator/JJPlayer.app (in target 'JJPlayer' from project 'JJPlayer')
    cd /Users/jiao/Desktop/Project/JJPlayer
    builtin-validationUtility /Users/jiao/Library/Developer/Xcode/DerivedData/JJPlayer-bdaloyzxyncocyezvrmscshxyhrt/Build/Products/Debug-iphonesimulator/JJPlayer.app -shallow-bundle -infoplist-subpath Info.plist

** BUILD SUCCEEDED **

